2025-11-21T08:55:21.357853+00:00 localhost systemd[1]: Mounted dev-hugepages.mount - Huge Pages File System.
2025-11-21T08:55:21.358146+00:00 localhost systemd[1]: Mounted dev-mqueue.mount - POSIX Message Queue File System.
2025-11-21T08:55:21.358156+00:00 localhost systemd[1]: Mounted sys-kernel-debug.mount - Kernel Debug File System.
2025-11-21T08:55:21.358159+00:00 localhost systemd[1]: Mounted sys-kernel-tracing.mount - Kernel Trace File System.
2025-11-21T08:55:21.358162+00:00 localhost systemd[1]: Finished kmod-static-nodes.service - Create List of Static Device Nodes.
2025-11-21T08:55:21.358166+00:00 localhost systemd[1]: modprobe@configfs.service: Deactivated successfully.
2025-11-21T08:55:21.358168+00:00 localhost systemd[1]: Finished modprobe@configfs.service - Load Kernel Module configfs.
2025-11-21T08:55:21.358171+00:00 localhost systemd[1]: modprobe@dm_mod.service: Deactivated successfully.
2025-11-21T08:55:21.358180+00:00 localhost systemd[1]: Finished modprobe@dm_mod.service - Load Kernel Module dm_mod.
2025-11-21T08:55:21.358182+00:00 localhost systemd[1]: modprobe@drm.service: Deactivated successfully.
2025-11-21T08:55:21.358185+00:00 localhost systemd[1]: Finished modprobe@drm.service - Load Kernel Module drm.
2025-11-21T08:55:21.358188+00:00 localhost systemd[1]: modprobe@fuse.service: Deactivated successfully.
2025-11-21T08:55:21.358190+00:00 localhost systemd[1]: Finished modprobe@fuse.service - Load Kernel Module fuse.
2025-11-21T08:55:21.358193+00:00 localhost systemd[1]: modprobe@loop.service: Deactivated successfully.
2025-11-21T08:55:21.358198+00:00 localhost systemd[1]: Finished modprobe@loop.service - Load Kernel Module loop.
2025-11-21T08:55:21.358201+00:00 localhost systemd[1]: Mounting sys-fs-fuse-connections.mount - FUSE Control File System...
2025-11-21T08:55:21.358204+00:00 localhost systemd[1]: Mounting sys-kernel-config.mount - Kernel Configuration File System...
2025-11-21T08:55:21.358208+00:00 localhost systemd[1]: systemd-repart.service - Repartition Root Disk was skipped because no trigger condition checks were met.
2025-11-21T08:55:21.358212+00:00 localhost systemd[1]: Starting systemd-tmpfiles-setup-dev-early.service - Create Static Device Nodes in /dev gracefully...
2025-11-21T08:55:21.358215+00:00 localhost systemd[1]: modprobe@efi_pstore.service: Deactivated successfully.
2025-11-21T08:55:21.358221+00:00 localhost systemd[1]: Finished modprobe@efi_pstore.service - Load Kernel Module efi_pstore.
2025-11-21T08:55:21.358224+00:00 localhost systemd[1]: Finished systemd-remount-fs.service - Remount Root and Kernel File Systems.
2025-11-21T08:55:21.358227+00:00 localhost systemd-modules-load[280]: Inserted module 'lp'
2025-11-21T08:55:21.358229+00:00 localhost systemd-modules-load[280]: Inserted module 'ppdev'
2025-11-21T08:55:21.358232+00:00 localhost systemd[1]: Starting cloud-init-local.service - Cloud-init: Local Stage (pre-network)...
2025-11-21T08:55:21.358235+00:00 localhost systemd[1]: systemd-hwdb-update.service - Rebuild Hardware Database was skipped because no trigger condition checks were met.
2025-11-21T08:55:21.358240+00:00 localhost systemd-modules-load[280]: Inserted module 'parport_pc'
2025-11-21T08:55:21.358245+00:00 localhost systemd[1]: Starting systemd-journal-flush.service - Flush Journal to Persistent Storage...
2025-11-21T08:55:21.358247+00:00 localhost systemd[1]: systemd-pstore.service - Platform Persistent Storage Archival was skipped because of an unmet condition check (ConditionDirectoryNotEmpty=/sys/fs/pstore).
2025-11-21T08:55:21.358250+00:00 localhost systemd[1]: Starting systemd-random-seed.service - Load/Save OS Random Seed...
2025-11-21T08:55:21.358254+00:00 localhost systemd[1]: systemd-tpm2-setup.service - TPM2 SRK Setup was skipped because of an unmet condition check (ConditionSecurity=measured-uki).
2025-11-21T08:55:21.358260+00:00 localhost systemd[1]: Finished keyboard-setup.service - Set the console keyboard layout.
2025-11-21T08:55:21.358264+00:00 localhost systemd[1]: Mounted sys-fs-fuse-connections.mount - FUSE Control File System.
2025-11-21T08:55:21.358267+00:00 localhost systemd[1]: Mounted sys-kernel-config.mount - Kernel Configuration File System.
2025-11-21T08:55:21.358270+00:00 localhost systemd-modules-load[280]: Inserted module 'msr'
2025-11-21T08:55:21.358273+00:00 localhost systemd[1]: Finished systemd-modules-load.service - Load Kernel Modules.
2025-11-21T08:55:21.358276+00:00 localhost systemd[1]: Starting systemd-sysctl.service - Apply Kernel Variables...
2025-11-21T08:55:21.358278+00:00 localhost systemd[1]: Finished systemd-udev-trigger.service - Coldplug All udev Devices.
2025-11-21T08:55:21.358283+00:00 localhost systemd[1]: Finished systemd-random-seed.service - Load/Save OS Random Seed.
2025-11-21T08:55:21.358286+00:00 localhost systemd[1]: Finished systemd-journal-flush.service - Flush Journal to Persistent Storage.
2025-11-21T08:55:21.358289+00:00 localhost systemd[1]: Finished systemd-sysctl.service - Apply Kernel Variables.
2025-11-21T08:55:21.358292+00:00 localhost systemd[1]: Finished systemd-tmpfiles-setup-dev-early.service - Create Static Device Nodes in /dev gracefully.
2025-11-21T08:55:21.358295+00:00 localhost systemd[1]: Starting systemd-sysusers.service - Create System Users...
2025-11-21T08:55:21.358297+00:00 localhost systemd-sysusers[328]: Creating group 'gamemode' with GID 986.
2025-11-21T08:55:21.358302+00:00 localhost systemd-sysusers[328]: Creating group 'gnome-initial-setup' with GID 985.
2025-11-21T08:55:21.358306+00:00 localhost systemd[1]: Finished systemd-sysusers.service - Create System Users.
2025-11-21T08:55:21.358309+00:00 localhost systemd[1]: Starting systemd-tmpfiles-setup-dev.service - Create Static Device Nodes in /dev...
2025-11-21T08:55:21.358312+00:00 localhost systemd[1]: Finished systemd-tmpfiles-setup-dev.service - Create Static Device Nodes in /dev.
2025-11-21T08:55:21.358315+00:00 localhost systemd[1]: Reached target local-fs-pre.target - Preparation for Local File Systems.
2025-11-21T08:55:21.358318+00:00 localhost systemd[1]: Mounting snap-bare-5.mount - Mount unit for bare, revision 5...
2025-11-21T08:55:21.358322+00:00 localhost systemd[1]: Mounting snap-core22-2045.mount - Mount unit for core22, revision 2045...
2025-11-21T08:55:21.358325+00:00 localhost systemd[1]: Mounting snap-firefox-6565.mount - Mount unit for firefox, revision 6565...
2025-11-21T08:55:21.358328+00:00 localhost systemd[1]: Mounting snap-firmware\x2dupdater-167.mount - Mount unit for firmware-updater, revision 167...
2025-11-21T08:55:21.358331+00:00 localhost systemd[1]: Mounting snap-gnome\x2d42\x2d2204-202.mount - Mount unit for gnome-42-2204, revision 202...
2025-11-21T08:55:21.358334+00:00 localhost systemd[1]: Mounting snap-gtk\x2dcommon\x2dthemes-1535.mount - Mount unit for gtk-common-themes, revision 1535...
2025-11-21T08:55:21.358339+00:00 localhost systemd[1]: Mounting snap-snap\x2dstore-1270.mount - Mount unit for snap-store, revision 1270...
2025-11-21T08:55:21.358342+00:00 localhost systemd[1]: Mounting snap-snapd-24792.mount - Mount unit for snapd, revision 24792...
2025-11-21T08:55:21.358345+00:00 localhost systemd[1]: Mounting snap-snapd\x2ddesktop\x2dintegration-315.mount - Mount unit for snapd-desktop-integration, revision 315...
2025-11-21T08:55:21.358348+00:00 localhost systemd[1]: Starting systemd-udevd.service - Rule-based Manager for Device Events and Files...
2025-11-21T08:55:21.358351+00:00 localhost systemd[1]: Mounted snap-bare-5.mount - Mount unit for bare, revision 5.
2025-11-21T08:55:21.358356+00:00 localhost systemd[1]: Mounted snap-core22-2045.mount - Mount unit for core22, revision 2045.
2025-11-21T08:55:21.358359+00:00 localhost systemd[1]: Mounted snap-firefox-6565.mount - Mount unit for firefox, revision 6565.
2025-11-21T08:55:21.358362+00:00 localhost systemd[1]: Mounted snap-firmware\x2dupdater-167.mount - Mount unit for firmware-updater, revision 167.
2025-11-21T08:55:21.358366+00:00 localhost systemd[1]: Mounted snap-gnome\x2d42\x2d2204-202.mount - Mount unit for gnome-42-2204, revision 202.
2025-11-21T08:55:21.358369+00:00 localhost systemd[1]: Mounted snap-gtk\x2dcommon\x2dthemes-1535.mount - Mount unit for gtk-common-themes, revision 1535.
2025-11-21T08:55:21.358372+00:00 localhost systemd[1]: Mounted snap-snap\x2dstore-1270.mount - Mount unit for snap-store, revision 1270.
2025-11-21T08:55:21.358377+00:00 localhost systemd[1]: Mounted snap-snapd-24792.mount - Mount unit for snapd, revision 24792.
2025-11-21T08:55:21.358380+00:00 localhost systemd[1]: Mounted snap-snapd\x2ddesktop\x2dintegration-315.mount - Mount unit for snapd-desktop-integration, revision 315.
2025-11-21T08:55:21.358383+00:00 localhost systemd[1]: Reached target snapd.mounts.target - Mounted snaps.
2025-11-21T08:55:21.358385+00:00 localhost systemd[1]: Reached target local-fs.target - Local File Systems.
2025-11-21T08:55:21.358388+00:00 localhost systemd[1]: Listening on systemd-sysext.socket - System Extension Image Management (Varlink).
2025-11-21T08:55:21.358393+00:00 localhost systemd[1]: Starting apparmor.service - Load AppArmor profiles...
2025-11-21T08:55:21.358396+00:00 localhost systemd[1]: Starting console-setup.service - Set console font and keymap...
2025-11-21T08:55:21.358400+00:00 localhost systemd-udevd[344]: Using default interface naming scheme 'v255'.
2025-11-21T08:55:21.358403+00:00 localhost systemd[1]: Starting ldconfig.service - Rebuild Dynamic Linker Cache...
2025-11-21T08:55:21.358406+00:00 localhost systemd[1]: Starting plymouth-read-write.service - Tell Plymouth To Write Out Runtime Data...
2025-11-21T08:55:21.358409+00:00 localhost systemd[1]: Starting systemd-binfmt.service - Set Up Additional Binary Formats...
2025-11-21T08:55:21.358414+00:00 localhost systemd[1]: Starting systemd-tmpfiles-setup.service - Create Volatile Files and Directories...
2025-11-21T08:55:21.358418+00:00 localhost systemd[1]: Starting ufw.service - Uncomplicated firewall...
2025-11-21T08:55:21.358420+00:00 localhost systemd[1]: Finished console-setup.service - Set console font and keymap.
2025-11-21T08:55:21.358423+00:00 localhost systemd[1]: Received SIGRTMIN+20 from PID 194 (plymouthd).
2025-11-21T08:55:21.358425+00:00 localhost systemd[1]: Finished plymouth-read-write.service - Tell Plymouth To Write Out Runtime Data.
2025-11-21T08:55:21.358428+00:00 localhost systemd[1]: proc-sys-fs-binfmt_misc.automount: Got automount request for /proc/sys/fs/binfmt_misc, triggered by 359 (systemd-binfmt)
2025-11-21T08:55:21.358432+00:00 localhost apparmor.systemd[354]: Restarting AppArmor
2025-11-21T08:55:21.358435+00:00 localhost apparmor.systemd[354]: Reloading AppArmor profiles
2025-11-21T08:55:21.358439+00:00 localhost systemd[1]: Finished ufw.service - Uncomplicated firewall.
2025-11-21T08:55:21.358442+00:00 localhost systemd[1]: Started systemd-udevd.service - Rule-based Manager for Device Events and Files.
2025-11-21T08:55:21.358445+00:00 localhost systemd[1]: Starting plymouth-start.service - Show Plymouth Boot Screen...
2025-11-21T08:55:21.358448+00:00 localhost systemd[1]: Finished systemd-tmpfiles-setup.service - Create Volatile Files and Directories.
2025-11-21T08:55:21.358453+00:00 localhost systemd[1]: systemd-firstboot.service - First Boot Wizard was skipped because of an unmet condition check (ConditionFirstBoot=yes).
2025-11-21T08:55:21.358456+00:00 localhost systemd[1]: first-boot-complete.target - First Boot Complete was skipped because of an unmet condition check (ConditionFirstBoot=yes).
2025-11-21T08:55:21.358458+00:00 localhost systemd[1]: Starting systemd-journal-catalog-update.service - Rebuild Journal Catalog...
2025-11-21T08:55:21.358461+00:00 localhost systemd[1]: systemd-machine-id-commit.service - Commit a transient machine-id on disk was skipped because of an unmet condition check (ConditionPathIsMountPoint=/etc/machine-id).
2025-11-21T08:55:21.358466+00:00 localhost systemd[1]: Starting systemd-oomd.service - Userspace Out-Of-Memory (OOM) Killer...
2025-11-21T08:55:21.358472+00:00 localhost systemd[1]: Starting systemd-resolved.service - Network Name Resolution...
2025-11-21T08:55:21.358475+00:00 localhost systemd[1]: Starting systemd-timesyncd.service - Network Time Synchronization...
2025-11-21T08:55:21.358478+00:00 localhost systemd[1]: Starting systemd-update-utmp.service - Record System Boot/Shutdown in UTMP...
2025-11-21T08:55:21.358481+00:00 localhost systemd[1]: Finished ldconfig.service - Rebuild Dynamic Linker Cache.
2025-11-21T08:55:21.358484+00:00 localhost systemd[1]: Finished systemd-journal-catalog-update.service - Rebuild Journal Catalog.
2025-11-21T08:55:21.358487+00:00 localhost systemd[1]: Starting systemd-update-done.service - Update is Completed...
2025-11-21T08:55:21.358492+00:00 localhost systemd[1]: Finished systemd-update-utmp.service - Record System Boot/Shutdown in UTMP.
2025-11-21T08:55:21.358495+00:00 localhost systemd[1]: Started plymouth-start.service - Show Plymouth Boot Screen.
2025-11-21T08:55:21.358498+00:00 localhost systemd[1]: systemd-ask-password-console.path - Dispatch Password Requests to Console Directory Watch was skipped because of an unmet condition check (ConditionPathExists=!/run/plymouth/pid).
2025-11-21T08:55:21.358501+00:00 localhost systemd[1]: Started systemd-ask-password-plymouth.path - Forward Password Requests to Plymouth Directory Watch.
2025-11-21T08:55:21.358506+00:00 localhost systemd[1]: Reached target cryptsetup.target - Local Encrypted Volumes.
2025-11-21T08:55:21.358509+00:00 localhost systemd[1]: Finished systemd-update-done.service - Update is Completed.
2025-11-21T08:55:21.358515+00:00 localhost systemd[1]: Mounting proc-sys-fs-binfmt_misc.mount - Arbitrary Executable File Formats File System...
2025-11-21T08:55:21.358518+00:00 localhost systemd[1]: Mounted proc-sys-fs-binfmt_misc.mount - Arbitrary Executable File Formats File System.
2025-11-21T08:55:21.358521+00:00 localhost systemd[1]: Finished systemd-binfmt.service - Set Up Additional Binary Formats.
2025-11-21T08:55:21.358524+00:00 localhost systemd-oomd[395]: No swap; memory pressure usage will be degraded
2025-11-21T08:55:21.358526+00:00 localhost systemd[1]: Started systemd-oomd.service - Userspace Out-Of-Memory (OOM) Killer.
2025-11-21T08:55:21.358529+00:00 localhost systemd[1]: Started systemd-timesyncd.service - Network Time Synchronization.
2025-11-21T08:55:21.358534+00:00 localhost systemd[1]: Reached target time-set.target - System Time Set.
2025-11-21T08:55:21.358537+00:00 localhost systemd-resolved[399]: Positive Trust Anchors:
2025-11-21T08:55:21.358540+00:00 localhost systemd-resolved[399]: . IN DS 20326 8 2 e06d44b80b8f1d39a95c0b0d7c65d08458e880409bbc683457104237c7f8ec8d
2025-11-21T08:55:21.358543+00:00 localhost systemd-resolved[399]: Negative trust anchors: home.arpa 10.in-addr.arpa 16.172.in-addr.arpa 17.172.in-addr.arpa 18.172.in-addr.arpa 19.172.in-addr.arpa 20.172.in-addr.arpa 21.172.in-addr.arpa 22.172.in-addr.arpa 23.172.in-addr.arpa 24.172.in-addr.arpa 25.172.in-addr.arpa 26.172.in-addr.arpa 27.172.in-addr.arpa 28.172.in-addr.arpa 29.172.in-addr.arpa 30.172.in-addr.arpa 31.172.in-addr.arpa 170.0.0.192.in-addr.arpa 171.0.0.192.in-addr.arpa 168.192.in-addr.arpa d.f.ip6.arpa ipv4only.arpa corp home internal intranet lan local private test
2025-11-21T08:55:21.358546+00:00 localhost systemd-resolved[399]: Defaulting to hostname 'linux'.
2025-11-21T08:55:21.358550+00:00 localhost systemd[1]: Started systemd-resolved.service - Network Name Resolution.
2025-11-21T08:55:21.358554+00:00 localhost systemd[1]: Reached target nss-lookup.target - Host and Network Name Lookups.
2025-11-21T08:55:21.358557+00:00 localhost mtp-probe: checking bus 1, device 2: "/sys/devices/pci0000:00/0000:00:06.0/usb1/1-1"
2025-11-21T08:55:21.358560+00:00 localhost mtp-probe: bus: 1, device: 2 was not an MTP device
2025-11-21T08:55:21.358566+00:00 localhost cloud-init[541]: Cloud-init v. 25.1.4-0ubuntu0~24.04.1 running 'init-local' at Fri, 21 Nov 2025 08:55:13 +0000. Up 5.69 seconds.
2025-11-21T08:55:21.358571+00:00 localhost systemd[1]: Listening on systemd-rfkill.socket - Load/Save RF Kill Switch Status /dev/rfkill Watch.
2025-11-21T08:55:21.358577+00:00 localhost systemd[1]: netplan-ovs-cleanup.service - OpenVSwitch configuration for cleanup was skipped because of an unmet condition check (ConditionFileIsExecutable=/usr/bin/ovs-vsctl).
2025-11-21T08:55:21.358581+00:00 localhost systemd[1]: Reloading requested from client PID 674 ('systemctl') (unit cloud-init-local.service)...
2025-11-21T08:55:21.358583+00:00 localhost systemd[1]: Reloading...
2025-11-21T08:55:21.358586+00:00 localhost apparmor.systemd[778]: Warning: found usr.sbin.sssd in /etc/apparmor.d/force-complain, forcing complain mode
2025-11-21T08:55:21.358589+00:00 localhost (udev-worker)[766]: controlC0: Process '/usr/sbin/alsactl -E HOME=/run/alsa -E XDG_RUNTIME_DIR=/run/alsa/runtime restore 0' failed with exit code 99.
2025-11-21T08:55:21.358595+00:00 localhost apparmor.systemd[778]: Warning from /etc/apparmor.d (/etc/apparmor.d/usr.sbin.sssd line 63): Caching disabled for: 'usr.sbin.sssd' due to force complain
2025-11-21T08:55:21.358599+00:00 localhost systemd[1]: Reloading finished in 671 ms.
2025-11-21T08:55:21.358602+00:00 localhost systemd[1]: systemd-ask-password-console.path - Dispatch Password Requests to Console Directory Watch was skipped because of an unmet condition check (ConditionPathExists=!/run/plymouth/pid).
2025-11-21T08:55:21.358605+00:00 localhost systemd[1]: Starting modprobe@dm_mod.service - Load Kernel Module dm_mod...
2025-11-21T08:55:21.358608+00:00 localhost systemd[1]: Starting modprobe@efi_pstore.service - Load Kernel Module efi_pstore...
2025-11-21T08:55:21.358611+00:00 localhost systemd[1]: Starting modprobe@loop.service - Load Kernel Module loop...
2025-11-21T08:55:21.358616+00:00 localhost systemd[1]: systemd-firstboot.service - First Boot Wizard was skipped because of an unmet condition check (ConditionFirstBoot=yes).
2025-11-21T08:55:21.358619+00:00 localhost systemd[1]: first-boot-complete.target - First Boot Complete was skipped because of an unmet condition check (ConditionFirstBoot=yes).
2025-11-21T08:55:21.358622+00:00 localhost systemd[1]: systemd-hwdb-update.service - Rebuild Hardware Database was skipped because of an unmet condition check (ConditionNeedsUpdate=/etc).
2025-11-21T08:55:21.358625+00:00 localhost systemd[1]: systemd-machine-id-commit.service - Commit a transient machine-id on disk was skipped because of an unmet condition check (ConditionPathIsMountPoint=/etc/machine-id).
2025-11-21T08:55:21.358628+00:00 localhost systemd[1]: systemd-pcrmachine.service - TPM2 PCR Machine ID Measurement was skipped because of an unmet condition check (ConditionSecurity=measured-uki).
2025-11-21T08:55:21.358634+00:00 localhost systemd[1]: systemd-tpm2-setup-early.service - TPM2 SRK Setup (Early) was skipped because of an unmet condition check (ConditionSecurity=measured-uki).
2025-11-21T08:55:21.358636+00:00 localhost systemd[1]: systemd-tpm2-setup.service - TPM2 SRK Setup was skipped because of an unmet condition check (ConditionSecurity=measured-uki).
2025-11-21T08:55:21.358639+00:00 localhost systemd[1]: modprobe@dm_mod.service: Deactivated successfully.
2025-11-21T08:55:21.358642+00:00 localhost systemd[1]: Finished modprobe@dm_mod.service - Load Kernel Module dm_mod.
2025-11-21T08:55:21.358645+00:00 localhost systemd[1]: modprobe@efi_pstore.service: Deactivated successfully.
2025-11-21T08:55:21.358648+00:00 localhost systemd[1]: Finished modprobe@efi_pstore.service - Load Kernel Module efi_pstore.
2025-11-21T08:55:21.358653+00:00 localhost systemd[1]: modprobe@loop.service: Deactivated successfully.
2025-11-21T08:55:21.358656+00:00 localhost systemd[1]: Finished modprobe@loop.service - Load Kernel Module loop.
2025-11-21T08:55:21.358659+00:00 localhost systemd[1]: systemd-pstore.service - Platform Persistent Storage Archival was skipped because of an unmet condition check (ConditionDirectoryNotEmpty=/sys/fs/pstore).
2025-11-21T08:55:21.358662+00:00 localhost systemd[1]: systemd-repart.service - Repartition Root Disk was skipped because no trigger condition checks were met.
2025-11-21T08:55:21.358665+00:00 localhost systemd[1]: Finished cloud-init-local.service - Cloud-init: Local Stage (pre-network).
2025-11-21T08:55:21.358671+00:00 localhost systemd[1]: Reached target network-pre.target - Preparation for Network.
2025-11-21T08:55:21.358673+00:00 localhost systemd[1]: Finished apparmor.service - Load AppArmor profiles.
2025-11-21T08:55:21.358677+00:00 localhost systemd[1]: Starting snapd.apparmor.service - Load AppArmor profiles managed internally by snapd...
2025-11-21T08:55:21.358682+00:00 localhost snapd-apparmor[883]: main.go:146: Loading profiles [/var/lib/snapd/apparmor/profiles/snap-confine.snapd.24792 /var/lib/snapd/apparmor/profiles/snap-update-ns.firefox /var/lib/snapd/apparmor/profiles/snap-update-ns.firmware-updater /var/lib/snapd/apparmor/profiles/snap-update-ns.snap-store /var/lib/snapd/apparmor/profiles/snap-update-ns.snapd-desktop-integration /var/lib/snapd/apparmor/profiles/snap.firefox.firefox /var/lib/snapd/apparmor/profiles/snap.firefox.geckodriver /var/lib/snapd/apparmor/profiles/snap.firefox.hook.configure /var/lib/snapd/apparmor/profiles/snap.firefox.hook.disconnect-plug-host-hunspell /var/lib/snapd/apparmor/profiles/snap.firefox.hook.install /var/lib/snapd/apparmor/profiles/snap.firefox.hook.post-refresh /var/lib/snapd/apparmor/profiles/snap.firmware-updater.firmware-notifier /var/lib/snapd/apparmor/profiles/snap.firmware-updater.firmware-updater /var/lib/snapd/apparmor/profiles/snap.firmware-updater.firmware-updater-app /var/lib/snapd/apparmor/profiles/snap.firmware-updater.hook.configure /var/lib/snapd/apparmor/profiles/snap.snap-store.hook.configure /var/lib/snapd/apparmor/profiles/snap.snap-store.show-updates /var/lib/snapd/apparmor/profiles/snap.snap-store.snap-store /var/lib/snapd/apparmor/profiles/snap.snapd-desktop-integration.hook.configure /var/lib/snapd/apparmor/profiles/snap.snapd-desktop-integration.snapd-desktop-integration]
2025-11-21T08:55:21.358689+00:00 localhost systemd[1]: Finished snapd.apparmor.service - Load AppArmor profiles managed internally by snapd.
2025-11-21T08:55:21.358692+00:00 localhost systemd[1]: Reached target sysinit.target - System Initialization.
2025-11-21T08:55:21.358696+00:00 localhost systemd[1]: apport-autoreport.path - Process error reports when automatic reporting is enabled (file watch) was skipped because of an unmet condition check (ConditionPathExists=/var/lib/apport/autoreport).
2025-11-21T08:55:21.358699+00:00 localhost systemd[1]: Started cups.path - CUPS Scheduler.
2025-11-21T08:55:21.358702+00:00 localhost systemd[1]: tpm-udev.path - Handle dynamically added tpm devices was skipped because of an unmet condition check (ConditionVirtualization=container).
2025-11-21T08:55:21.358705+00:00 localhost systemd[1]: Started whoopsie.path - Start whoopsie on modification of the /var/crash directory.
2025-11-21T08:55:21.358711+00:00 localhost systemd[1]: Started anacron.timer - Trigger anacron every hour.
2025-11-21T08:55:21.358714+00:00 localhost systemd[1]: apport-autoreport.timer - Process error reports when automatic reporting is enabled (timer based) was skipped because of an unmet condition check (ConditionPathExists=/var/lib/apport/autoreport).
2025-11-21T08:55:21.358717+00:00 localhost systemd[1]: Started apt-daily.timer - Daily apt download activities.
2025-11-21T08:55:21.358719+00:00 localhost systemd[1]: Started apt-daily-upgrade.timer - Daily apt upgrade and clean activities.
2025-11-21T08:55:21.358722+00:00 localhost systemd[1]: Started dpkg-db-backup.timer - Daily dpkg database backup timer.
2025-11-21T08:55:21.358727+00:00 localhost systemd[1]: Started e2scrub_all.timer - Periodic ext4 Online Metadata Check for All Filesystems.
2025-11-21T08:55:21.358730+00:00 localhost systemd[1]: Started fstrim.timer - Discard unused filesystem blocks once a week.
2025-11-21T08:55:21.358733+00:00 localhost systemd[1]: Started fwupd-refresh.timer - Refresh fwupd metadata regularly.
2025-11-21T08:55:21.358736+00:00 localhost systemd[1]: Started logrotate.timer - Daily rotation of log files.
2025-11-21T08:55:21.358739+00:00 localhost systemd[1]: Started man-db.timer - Daily man-db regeneration.
2025-11-21T08:55:21.358742+00:00 localhost systemd[1]: Started motd-news.timer - Message of the Day.
2025-11-21T08:55:21.358756+00:00 localhost systemd[1]: snapd.snap-repair.timer - Timer to automatically fetch and run repair assertions was skipped because no trigger condition checks were met.
2025-11-21T08:55:21.358759+00:00 localhost systemd[1]: Started sysstat-collect.timer - Run system activity accounting tool every 10 minutes.
2025-11-21T08:55:21.358763+00:00 localhost systemd[1]: Started sysstat-summary.timer - Generate summary of yesterday's process accounting.
2025-11-21T08:55:21.358766+00:00 localhost systemd[1]: Started systemd-tmpfiles-clean.timer - Daily Cleanup of Temporary Directories.
2025-11-21T08:55:21.358769+00:00 localhost systemd[1]: ua-timer.timer - Ubuntu Pro Timer for running repeated jobs was skipped because of an unmet condition check (ConditionPathExists=/var/lib/ubuntu-advantage/private/machine-token.json).
2025-11-21T08:55:21.358784+00:00 localhost systemd[1]: Reached target paths.target - Path Units.
2025-11-21T08:55:21.358788+00:00 localhost systemd[1]: apport-forward.socket - Unix socket for apport crash forwarding was skipped because of an unmet condition check (ConditionVirtualization=container).
2025-11-21T08:55:21.358791+00:00 localhost systemd[1]: Listening on avahi-daemon.socket - Avahi mDNS/DNS-SD Stack Activation Socket.
2025-11-21T08:55:21.358794+00:00 localhost systemd[1]: Listening on cups.socket - CUPS Scheduler.
2025-11-21T08:55:21.358797+00:00 localhost systemd[1]: Listening on dbus.socket - D-Bus System Message Bus Socket.
2025-11-21T08:55:21.358799+00:00 localhost systemd[1]: Starting snapd.socket - Socket activation for snappy daemon...
2025-11-21T08:55:21.358810+00:00 localhost systemd[1]: Listening on uuidd.socket - UUID daemon activation socket.
2025-11-21T08:55:21.358813+00:00 localhost systemd[1]: systemd-pcrphase-sysinit.service - TPM2 PCR Barrier (Initialization) was skipped because of an unmet condition check (ConditionSecurity=measured-uki).
2025-11-21T08:55:21.358816+00:00 localhost systemd[1]: Listening on snapd.socket - Socket activation for snappy daemon.
2025-11-21T08:55:21.358819+00:00 localhost systemd[1]: Reached target sockets.target - Socket Units.
2025-11-21T08:55:21.358822+00:00 localhost systemd[1]: Reached target basic.target - Basic System.
2025-11-21T08:55:21.358826+00:00 localhost systemd[1]: Started anacron.service - Run anacron jobs.
2025-11-21T08:55:21.358835+00:00 localhost systemd[1]: Starting apport.service - automatic crash report generation...
2025-11-21T08:55:21.358839+00:00 localhost systemd[1]: Starting avahi-daemon.service - Avahi mDNS/DNS-SD Stack...
2025-11-21T08:55:21.358841+00:00 localhost systemd[1]: Starting dbus.service - D-Bus System Message Bus...
2025-11-21T08:55:21.358844+00:00 localhost anacron[919]: Anacron 2.3 started on 2025-11-21
2025-11-21T08:55:21.358846+00:00 localhost anacron[919]: Will run job `cron.daily' in 5 min.
2025-11-21T08:55:21.358849+00:00 localhost anacron[919]: Will run job `cron.weekly' in 10 min.
2025-11-21T08:55:21.358852+00:00 localhost systemd[1]: Started dmesg.service - Save initial kernel messages after boot.
2025-11-21T08:55:21.358860+00:00 localhost anacron[919]: Will run job `cron.monthly' in 15 min.
2025-11-21T08:55:21.358863+00:00 localhost anacron[919]: Jobs will be executed sequentially
2025-11-21T08:55:21.358866+00:00 localhost systemd[1]: Starting e2scrub_reap.service - Remove Stale Online ext4 Metadata Check Snapshots...
2025-11-21T08:55:21.358869+00:00 localhost systemd[1]: getty-static.service - getty on tty2-tty6 if dbus and logind are not available was skipped because of an unmet condition check (ConditionPathExists=!/usr/bin/dbus-daemon).
2025-11-21T08:55:21.358872+00:00 localhost systemd[1]: Reached target getty.target - Login Prompts.
2025-11-21T08:55:21.358876+00:00 localhost systemd[1]: Starting gnome-remote-desktop.service - GNOME Remote Desktop...
2025-11-21T08:55:21.358884+00:00 localhost systemd[1]: Starting gpu-manager.service - Detect the available GPUs and deal with any system changes...
2025-11-21T08:55:21.358887+00:00 localhost avahi-daemon[921]: Found user 'avahi' (UID 108) and group 'avahi' (GID 111).
2025-11-21T08:55:21.358890+00:00 localhost systemd[1]: Starting grub-common.service - Record successful boot for GRUB...
2025-11-21T08:55:21.358892+00:00 localhost dbus-daemon[922]: dbus[922]: Unknown group "power" in message bus configuration file
2025-11-21T08:55:21.358895+00:00 localhost systemd[1]: networkd-dispatcher.service - Dispatcher daemon for systemd-networkd was skipped because no trigger condition checks were met.
2025-11-21T08:55:21.358904+00:00 localhost systemd[1]: Starting polkit.service - Authorization Manager...
2025-11-21T08:55:21.358907+00:00 localhost systemd[1]: Starting power-profiles-daemon.service - Power Profiles daemon...
2025-11-21T08:55:21.358910+00:00 localhost systemd[1]: Starting rsyslog.service - System Logging Service...
2025-11-21T08:55:21.358912+00:00 localhost systemd[1]: secureboot-db.service - Secure Boot updates for DB and DBX was skipped because of an unmet condition check (ConditionPathExists=/sys/firmware/efi/efivars/db-d719b2cb-3d3a-4596-a3bc-dad00e67656f).
2025-11-21T08:55:21.358916+00:00 localhost systemd[1]: snapd.core-fixup.service - Automatically repair incorrect owner/permissions on core devices was skipped because no trigger condition checks were met.
2025-11-21T08:55:21.358919+00:00 localhost systemd[1]: snapd.recovery-chooser-trigger.service - Wait for the Ubuntu Core chooser trigger was skipped because of an unmet condition check (ConditionKernelCommandLine=snapd_recovery_mode).
2025-11-21T08:55:21.358927+00:00 localhost systemd[1]: Reached target getty-pre.target - Preparation for Logins.
2025-11-21T08:55:21.358930+00:00 localhost systemd[1]: Starting snapd.seeded.service - Wait until snapd is fully seeded...
2025-11-21T08:55:21.358933+00:00 localhost dbus-daemon[922]: [system] AppArmor D-Bus mediation is enabled
2025-11-21T08:55:21.358936+00:00 localhost systemd[1]: Starting snapd.service - Snap Daemon...
2025-11-21T08:55:21.358938+00:00 localhost systemd[1]: Starting ssl-cert.service - Generate snakeoil SSL keypair...
2025-11-21T08:55:21.358941+00:00 localhost systemd[1]: sssd.service - System Security Services Daemon was skipped because no trigger condition checks were met.
2025-11-21T08:55:21.358948+00:00 localhost systemd[1]: Reached target nss-user-lookup.target - User and Group Name Lookups.
2025-11-21T08:55:21.358951+00:00 localhost systemd[1]: sssd-nss.socket: Bound to unit sssd.service, but unit isn't active.
2025-11-21T08:55:21.358954+00:00 localhost systemd[1]: Dependency failed for sssd-nss.socket - SSSD NSS Service responder socket.
2025-11-21T08:55:21.358956+00:00 localhost systemd[1]: sssd-nss.socket: Job sssd-nss.socket/start failed with result 'dependency'.
2025-11-21T08:55:21.358959+00:00 localhost systemd[1]: sssd-autofs.socket: Bound to unit sssd.service, but unit isn't active.
2025-11-21T08:55:21.358961+00:00 localhost systemd[1]: Dependency failed for sssd-autofs.socket - SSSD AutoFS Service responder socket.
2025-11-21T08:55:21.358968+00:00 localhost systemd[1]: sssd-autofs.socket: Job sssd-autofs.socket/start failed with result 'dependency'.
2025-11-21T08:55:21.358971+00:00 localhost systemd[1]: sssd-pac.socket: Bound to unit sssd.service, but unit isn't active.
2025-11-21T08:55:21.358974+00:00 localhost systemd[1]: Dependency failed for sssd-pac.socket - SSSD PAC Service responder socket.
2025-11-21T08:55:21.358976+00:00 localhost systemd[1]: sssd-pac.socket: Job sssd-pac.socket/start failed with result 'dependency'.
2025-11-21T08:55:21.358979+00:00 localhost systemd[1]: sssd-pam-priv.socket: Bound to unit sssd.service, but unit isn't active.
2025-11-21T08:55:21.358987+00:00 localhost systemd[1]: Dependency failed for sssd-pam-priv.socket - SSSD PAM Service responder private socket.
2025-11-21T08:55:21.358990+00:00 localhost systemd[1]: Dependency failed for sssd-pam.socket - SSSD PAM Service responder socket.
2025-11-21T08:55:21.358993+00:00 localhost systemd[1]: sssd-pam.socket: Job sssd-pam.socket/start failed with result 'dependency'.
2025-11-21T08:55:21.358996+00:00 localhost systemd[1]: sssd-pam-priv.socket: Job sssd-pam-priv.socket/start failed with result 'dependency'.
2025-11-21T08:55:21.358999+00:00 localhost systemd[1]: sssd-ssh.socket: Bound to unit sssd.service, but unit isn't active.
2025-11-21T08:55:21.359002+00:00 localhost systemd[1]: Dependency failed for sssd-ssh.socket - SSSD SSH Service responder socket.
2025-11-21T08:55:21.359010+00:00 localhost systemd[1]: sssd-ssh.socket: Job sssd-ssh.socket/start failed with result 'dependency'.
2025-11-21T08:55:21.359012+00:00 localhost systemd[1]: sssd-sudo.socket: Bound to unit sssd.service, but unit isn't active.
2025-11-21T08:55:21.359015+00:00 localhost systemd[1]: Dependency failed for sssd-sudo.socket - SSSD Sudo Service responder socket.
2025-11-21T08:55:21.359017+00:00 localhost systemd[1]: sssd-sudo.socket: Job sssd-sudo.socket/start failed with result 'dependency'.
2025-11-21T08:55:21.359020+00:00 localhost systemd[1]: Starting accounts-daemon.service - Accounts Service...
2025-11-21T08:55:21.359030+00:00 localhost systemd[1]: Started cron.service - Regular background program processing daemon.
2025-11-21T08:55:21.359032+00:00 localhost systemd[1]: Starting switcheroo-control.service - Switcheroo Control Proxy service...
2025-11-21T08:55:21.359035+00:00 localhost systemd[1]: Starting sysstat.service - Resets System Activity Logs...
2025-11-21T08:55:21.359038+00:00 localhost (cron)[949]: cron.service: Referenced but unset environment variable evaluates to an empty string: EXTRA_OPTS
2025-11-21T08:55:21.359041+00:00 localhost cron[949]: (CRON) INFO (pidfile fd = 3)
2025-11-21T08:55:21.359044+00:00 localhost cron[949]: (CRON) INFO (Running @reboot jobs)
2025-11-21T08:55:21.359052+00:00 localhost systemd[1]: Starting systemd-logind.service - User Login Management...
2025-11-21T08:55:21.359055+00:00 localhost systemd[1]: systemd-pcrphase.service - TPM2 PCR Barrier (User) was skipped because of an unmet condition check (ConditionSecurity=measured-uki).
2025-11-21T08:55:21.359057+00:00 localhost systemd[1]: thermald.service - Thermal Daemon Service was skipped because of an unmet condition check (ConditionVirtualization=no).
2025-11-21T08:55:21.359060+00:00 localhost systemd[1]: ua-reboot-cmds.service - Ubuntu Pro reboot cmds was skipped because of an unmet condition check (ConditionPathExists=/var/lib/ubuntu-advantage/private/machine-token.json).
2025-11-21T08:55:21.359063+00:00 localhost systemd[1]: Starting udisks2.service - Disk Manager...
2025-11-21T08:55:21.359066+00:00 localhost systemd[1]: Started dbus.service - D-Bus System Message Bus.
2025-11-21T08:55:21.359073+00:00 localhost systemd[1]: Finished sysstat.service - Resets System Activity Logs.
2025-11-21T08:55:21.359076+00:00 localhost avahi-daemon[921]: Successfully dropped root privileges.
2025-11-21T08:55:21.359078+00:00 localhost avahi-daemon[921]: avahi-daemon 0.8 starting up.
2025-11-21T08:55:21.359081+00:00 localhost udisksd[955]: udisks daemon version 2.10.1 starting
2025-11-21T08:55:21.359084+00:00 localhost systemd[1]: Starting NetworkManager.service - Network Manager...
2025-11-21T08:55:21.359086+00:00 localhost avahi-daemon[921]: Successfully called chroot().
2025-11-21T08:55:21.359094+00:00 localhost avahi-daemon[921]: Successfully dropped remaining capabilities.
2025-11-21T08:55:21.359096+00:00 localhost avahi-daemon[921]: No service file found in /etc/avahi/services.
2025-11-21T08:55:21.359099+00:00 localhost avahi-daemon[921]: System host name is set to 'localhost'. This is not a suitable mDNS host name, looking for alternatives.
2025-11-21T08:55:21.359101+00:00 localhost avahi-daemon[921]: Joining mDNS multicast group on interface lo.IPv6 with address ::1.
2025-11-21T08:55:21.359104+00:00 localhost avahi-daemon[921]: New relevant interface lo.IPv6 for mDNS.
2025-11-21T08:55:21.359107+00:00 localhost avahi-daemon[921]: Joining mDNS multicast group on interface lo.IPv4 with address 127.0.0.1.
2025-11-21T08:55:21.359114+00:00 localhost avahi-daemon[921]: New relevant interface lo.IPv4 for mDNS.
2025-11-21T08:55:21.359116+00:00 localhost avahi-daemon[921]: Network interface enumeration completed.
2025-11-21T08:55:21.359118+00:00 localhost avahi-daemon[921]: Registering new address record for ::1 on lo.*.
2025-11-21T08:55:21.359121+00:00 localhost avahi-daemon[921]: Registering new address record for 127.0.0.1 on lo.IPv4.
2025-11-21T08:55:21.359123+00:00 localhost dbus-daemon[922]: [system] Activating via systemd: service name='org.freedesktop.PolicyKit1' unit='polkit.service' requested by ':1.5' (uid=0 pid=934 comm="/usr/libexec/power-profiles-daemon" label="unconfined")
2025-11-21T08:55:21.359151+00:00 localhost systemd[1]: Starting wpa_supplicant.service - WPA supplicant...
2025-11-21T08:55:21.359164+00:00 localhost systemd[1]: e2scrub_reap.service: Deactivated successfully.
2025-11-21T08:55:21.359167+00:00 localhost systemd[1]: Finished e2scrub_reap.service - Remove Stale Online ext4 Metadata Check Snapshots.
2025-11-21T08:55:21.359170+00:00 localhost systemd[1]: Started avahi-daemon.service - Avahi mDNS/DNS-SD Stack.
2025-11-21T08:55:21.359173+00:00 localhost systemd[1]: Started switcheroo-control.service - Switcheroo Control Proxy service.
2025-11-21T08:55:21.359177+00:00 localhost systemd[1]: Started wpa_supplicant.service - WPA supplicant.
2025-11-21T08:55:21.359184+00:00 localhost systemd[1]: alsa-state.service - Manage Sound Card State (restore and store) was skipped because of an unmet condition check (ConditionPathExists=/etc/alsa/state-daemon.conf).
2025-11-21T08:55:21.359194+00:00 localhost wpa_supplicant[971]: Successfully initialized wpa_supplicant
2025-11-21T08:55:21.359198+00:00 localhost systemd[1]: Starting alsa-restore.service - Save/Restore Sound Card State...
2025-11-21T08:55:21.359203+00:00 localhost polkitd[931]: Started polkitd version 124
2025-11-21T08:55:21.359224+00:00 localhost gnome-remote-de[925]: Init TPM credentials failed because No TPM device found, using GKeyFile as fallback
2025-11-21T08:55:21.359228+00:00 localhost systemd[1]: Started systemd-logind.service - User Login Management.
2025-11-21T08:55:21.359231+00:00 localhost systemd[1]: grub-common.service: Deactivated successfully.
2025-11-21T08:55:21.359234+00:00 localhost systemd[1]: Finished grub-common.service - Record successful boot for GRUB.
2025-11-21T08:55:21.359236+00:00 localhost alsactl[999]: /usr/sbin/alsactl: load_state:1689: Cannot open /var/lib/alsa/asound.state for reading: No such file or directory
2025-11-21T08:55:21.359247+00:00 localhost alsactl[999]: alsa-lib main.c:1554:(snd_use_case_mgr_open) error: failed to import hw:0 use case configuration -2
2025-11-21T08:55:21.359250+00:00 localhost alsactl[999]: Found hardware: "ICH" "Analog Devices AD1980" "AC97a:41445370" "0x1028" "0x0177"
2025-11-21T08:55:21.359253+00:00 localhost alsactl[999]: Hardware is initialized using a generic method
2025-11-21T08:55:21.359260+00:00 localhost systemd[1]: Starting grub-initrd-fallback.service - GRUB failed boot detection...
2025-11-21T08:55:21.359263+00:00 localhost systemd[1]: Finished alsa-restore.service - Save/Restore Sound Card State.
2025-11-21T08:55:21.359278+00:00 localhost systemd[1]: Reached target sound.target - Sound Card.
2025-11-21T08:55:21.355953+00:00 localhost rsyslogd: imuxsock: Acquired UNIX socket '/run/systemd/journal/syslog' (fd 3) from systemd.  [v8.2312.0]
2025-11-21T08:55:21.356071+00:00 localhost rsyslogd: rsyslogd's groupid changed to 102
2025-11-21T08:55:21.356102+00:00 localhost rsyslogd: rsyslogd's userid changed to 102
2025-11-21T08:55:21.356124+00:00 localhost rsyslogd: [origin software="rsyslogd" swVersion="8.2312.0" x-pid="991" x-info="https://www.rsyslog.com"] start
2025-11-21T08:55:21.357729+00:00 localhost systemd[1]: Started rsyslog.service - System Logging Service.
2025-11-21T08:55:21.358104+00:00 localhost kernel: Linux version 6.14.0-36-generic (buildd@lcy02-amd64-067) (x86_64-linux-gnu-gcc-13 (Ubuntu 13.3.0-6ubuntu2~24.04) 13.3.0, GNU ld (GNU Binutils for Ubuntu) 2.42) #36~24.04.1-Ubuntu SMP PREEMPT_DYNAMIC Wed Oct 15 15:45:17 UTC 2 (Ubuntu 6.14.0-36.36~24.04.1-generic 6.14.11)
2025-11-21T08:55:21.359909+00:00 localhost kernel: Command line: BOOT_IMAGE=/boot/vmlinuz-6.14.0-36-generic root=UUID=668c052b-22c0-4a87-ac4e-6023fce8b41e ro quiet splash
2025-11-21T08:55:21.359914+00:00 localhost kernel: KERNEL supported cpus:
2025-11-21T08:55:21.359915+00:00 localhost kernel:   Intel GenuineIntel
2025-11-21T08:55:21.359915+00:00 localhost kernel:   AMD AuthenticAMD
2025-11-21T08:55:21.359915+00:00 localhost kernel:   Hygon HygonGenuine
2025-11-21T08:55:21.359916+00:00 localhost kernel:   Centaur CentaurHauls
2025-11-21T08:55:21.359919+00:00 localhost kernel:   zhaoxin   Shanghai  
2025-11-21T08:55:21.359919+00:00 localhost kernel: BIOS-provided physical RAM map:
2025-11-21T08:55:21.359920+00:00 localhost kernel: BIOS-e820: [mem 0x0000000000000000-0x000000000009fbff] usable
2025-11-21T08:55:21.359921+00:00 localhost kernel: BIOS-e820: [mem 0x000000000009fc00-0x000000000009ffff] reserved
2025-11-21T08:55:21.359921+00:00 localhost kernel: BIOS-e820: [mem 0x00000000000f0000-0x00000000000fffff] reserved
2025-11-21T08:55:21.359922+00:00 localhost kernel: BIOS-e820: [mem 0x0000000000100000-0x00000000dffeffff] usable
2025-11-21T08:55:21.359924+00:00 localhost kernel: BIOS-e820: [mem 0x00000000dfff0000-0x00000000dfffffff] ACPI data
2025-11-21T08:55:21.359925+00:00 localhost kernel: BIOS-e820: [mem 0x00000000fec00000-0x00000000fec00fff] reserved
2025-11-21T08:55:21.359925+00:00 localhost kernel: BIOS-e820: [mem 0x00000000fee00000-0x00000000fee00fff] reserved
2025-11-21T08:55:21.359926+00:00 localhost kernel: BIOS-e820: [mem 0x00000000fffc0000-0x00000000ffffffff] reserved
2025-11-21T08:55:21.359926+00:00 localhost kernel: BIOS-e820: [mem 0x0000000100000000-0x000000011b8fffff] usable
2025-11-21T08:55:21.359927+00:00 localhost kernel: NX (Execute Disable) protection: active
2025-11-21T08:55:21.359927+00:00 localhost kernel: APIC: Static calls initialized
2025-11-21T08:55:21.359929+00:00 localhost kernel: SMBIOS 2.5 present.
2025-11-21T08:55:21.359930+00:00 localhost kernel: DMI: innotek GmbH VirtualBox/VirtualBox, BIOS VirtualBox 12/01/2006
2025-11-21T08:55:21.359930+00:00 localhost kernel: DMI: Memory slots populated: 0/0
2025-11-21T08:55:21.359931+00:00 localhost kernel: Hypervisor detected: KVM
2025-11-21T08:55:21.359931+00:00 localhost kernel: kvm-clock: Using msrs 4b564d01 and 4b564d00
2025-11-21T08:55:21.359932+00:00 localhost kernel: kvm-clock: using sched offset of 835976915404 cycles
2025-11-21T08:55:21.359934+00:00 localhost kernel: clocksource: kvm-clock: mask: 0xffffffffffffffff max_cycles: 0x1cd42e4dffb, max_idle_ns: 881590591483 ns
2025-11-21T08:55:21.359935+00:00 localhost kernel: tsc: Detected 2419.200 MHz processor
2025-11-21T08:55:21.359935+00:00 localhost kernel: e820: update [mem 0x00000000-0x00000fff] usable ==> reserved
2025-11-21T08:55:21.359936+00:00 localhost kernel: e820: remove [mem 0x000a0000-0x000fffff] usable
2025-11-21T08:55:21.359936+00:00 localhost kernel: last_pfn = 0x11b900 max_arch_pfn = 0x400000000
2025-11-21T08:55:21.359937+00:00 localhost kernel: MTRR map: 3 entries (3 fixed + 0 variable; max 19), built from 8 variable MTRRs
2025-11-21T08:55:21.359939+00:00 localhost kernel: x86/PAT: Configuration [0-7]: WB  WC  UC- UC  WB  WP  UC- WT  
2025-11-21T08:55:21.359939+00:00 localhost kernel: CPU MTRRs all blank - virtualized system.
2025-11-21T08:55:21.359940+00:00 localhost kernel: last_pfn = 0xe0000 max_arch_pfn = 0x400000000
2025-11-21T08:55:21.359940+00:00 localhost kernel: found SMP MP-table at [mem 0x0009fbf0-0x0009fbff]
2025-11-21T08:55:21.359940+00:00 localhost kernel: RAMDISK: [mem 0x2f523000-0x33a88fff]
2025-11-21T08:55:21.359941+00:00 localhost kernel: ACPI: Early table checksum verification disabled
2025-11-21T08:55:21.359941+00:00 localhost kernel: ACPI: RSDP 0x00000000000E0000 000024 (v02 VBOX  )
2025-11-21T08:55:21.359943+00:00 localhost kernel: ACPI: XSDT 0x00000000DFFF0030 00003C (v01 VBOX   VBOXXSDT 00000001 ASL  00000061)
2025-11-21T08:55:21.359944+00:00 localhost kernel: ACPI: FACP 0x00000000DFFF00F0 0000F4 (v04 VBOX   VBOXFACP 00000001 ASL  00000061)
2025-11-21T08:55:21.359944+00:00 localhost kernel: ACPI: DSDT 0x00000000DFFF0310 002353 (v02 VBOX   VBOXBIOS 00000002 VBOX 00029BF3)
2025-11-21T08:55:21.359945+00:00 localhost kernel: ACPI: FACS 0x00000000DFFF0200 000040
2025-11-21T08:55:21.359945+00:00 localhost kernel: ACPI: FACS 0x00000000DFFF0200 000040
2025-11-21T08:55:21.359948+00:00 localhost kernel: ACPI: APIC 0x00000000DFFF0240 000064 (v02 VBOX   VBOXAPIC 00000001 ASL  00000061)
2025-11-21T08:55:21.359950+00:00 localhost kernel: ACPI: SSDT 0x00000000DFFF02B0 000052 (v01 VBOX   VBOXCPUT 00000002 VBOX 00029BF3)
2025-11-21T08:55:21.359951+00:00 localhost kernel: ACPI: Reserving FACP table memory at [mem 0xdfff00f0-0xdfff01e3]
2025-11-21T08:55:21.359951+00:00 localhost kernel: ACPI: Reserving DSDT table memory at [mem 0xdfff0310-0xdfff2662]
2025-11-21T08:55:21.359952+00:00 localhost kernel: ACPI: Reserving FACS table memory at [mem 0xdfff0200-0xdfff023f]
2025-11-21T08:55:21.359952+00:00 localhost kernel: ACPI: Reserving FACS table memory at [mem 0xdfff0200-0xdfff023f]
2025-11-21T08:55:21.359954+00:00 localhost kernel: ACPI: Reserving APIC table memory at [mem 0xdfff0240-0xdfff02a3]
2025-11-21T08:55:21.359963+00:00 localhost kernel: ACPI: Reserving SSDT table memory at [mem 0xdfff02b0-0xdfff0301]
2025-11-21T08:55:21.359964+00:00 localhost kernel: No NUMA configuration found
2025-11-21T08:55:21.359964+00:00 localhost kernel: Faking a node at [mem 0x0000000000000000-0x000000011b8fffff]
2025-11-21T08:55:21.359965+00:00 localhost kernel: NODE_DATA(0) allocated [mem 0x11b8d5540-0x11b8fffff]
2025-11-21T08:55:21.359965+00:00 localhost kernel: Zone ranges:
2025-11-21T08:55:21.359966+00:00 localhost kernel:   DMA      [mem 0x0000000000001000-0x0000000000ffffff]
2025-11-21T08:55:21.359966+00:00 localhost kernel:   DMA32    [mem 0x0000000001000000-0x00000000ffffffff]
2025-11-21T08:55:21.359968+00:00 localhost kernel:   Normal   [mem 0x0000000100000000-0x000000011b8fffff]
2025-11-21T08:55:21.359969+00:00 localhost kernel:   Device   empty
2025-11-21T08:55:21.359969+00:00 localhost kernel: Movable zone start for each node
2025-11-21T08:55:21.359970+00:00 localhost kernel: Early memory node ranges
2025-11-21T08:55:21.359970+00:00 localhost kernel:   node   0: [mem 0x0000000000001000-0x000000000009efff]
2025-11-21T08:55:21.359971+00:00 localhost kernel:   node   0: [mem 0x0000000000100000-0x00000000dffeffff]
2025-11-21T08:55:21.359973+00:00 localhost kernel:   node   0: [mem 0x0000000100000000-0x000000011b8fffff]
2025-11-21T08:55:21.359974+00:00 localhost kernel: Initmem setup node 0 [mem 0x0000000000001000-0x000000011b8fffff]
2025-11-21T08:55:21.359974+00:00 localhost kernel: On node 0, zone DMA: 1 pages in unavailable ranges
2025-11-21T08:55:21.359975+00:00 localhost kernel: On node 0, zone DMA: 97 pages in unavailable ranges
2025-11-21T08:55:21.359975+00:00 localhost kernel: On node 0, zone Normal: 16 pages in unavailable ranges
2025-11-21T08:55:21.359976+00:00 localhost kernel: On node 0, zone Normal: 18176 pages in unavailable ranges
2025-11-21T08:55:21.359978+00:00 localhost kernel: ACPI: PM-Timer IO Port: 0x4008
2025-11-21T08:55:21.359979+00:00 localhost kernel: IOAPIC[0]: apic_id 3, version 32, address 0xfec00000, GSI 0-23
2025-11-21T08:55:21.359979+00:00 localhost kernel: ACPI: INT_SRC_OVR (bus 0 bus_irq 0 global_irq 2 dfl dfl)
2025-11-21T08:55:21.359980+00:00 localhost kernel: ACPI: INT_SRC_OVR (bus 0 bus_irq 9 global_irq 9 low level)
2025-11-21T08:55:21.359980+00:00 localhost kernel: ACPI: Using ACPI (MADT) for SMP configuration information
2025-11-21T08:55:21.359981+00:00 localhost kernel: CPU topo: Max. logical packages:   1
2025-11-21T08:55:21.359981+00:00 localhost kernel: CPU topo: Max. logical dies:       1
2025-11-21T08:55:21.359983+00:00 localhost kernel: CPU topo: Max. dies per package:   1
2025-11-21T08:55:21.359983+00:00 localhost kernel: CPU topo: Max. threads per core:   1
2025-11-21T08:55:21.359984+00:00 localhost kernel: CPU topo: Num. cores per package:     3
2025-11-21T08:55:21.359984+00:00 localhost kernel: CPU topo: Num. threads per package:   3
2025-11-21T08:55:21.359985+00:00 localhost kernel: CPU topo: Allowing 3 present CPUs plus 0 hotplug CPUs
2025-11-21T08:55:21.359985+00:00 localhost kernel: PM: hibernation: Registered nosave memory: [mem 0x00000000-0x00000fff]
2025-11-21T08:55:21.359987+00:00 localhost kernel: PM: hibernation: Registered nosave memory: [mem 0x0009f000-0x000fffff]
2025-11-21T08:55:21.359988+00:00 localhost kernel: PM: hibernation: Registered nosave memory: [mem 0xdfff0000-0xffffffff]
2025-11-21T08:55:21.359988+00:00 localhost kernel: [mem 0xe0000000-0xfebfffff] available for PCI devices
2025-11-21T08:55:21.359988+00:00 localhost kernel: Booting paravirtualized kernel on KVM
2025-11-21T08:55:21.359989+00:00 localhost kernel: clocksource: refined-jiffies: mask: 0xffffffff max_cycles: 0xffffffff, max_idle_ns: 1910969940391419 ns
2025-11-21T08:55:21.359989+00:00 localhost kernel: setup_percpu: NR_CPUS:8192 nr_cpumask_bits:3 nr_cpu_ids:3 nr_node_ids:1
2025-11-21T08:55:21.359991+00:00 localhost kernel: percpu: Embedded 88 pages/cpu s237568 r8192 d114688 u524288
2025-11-21T08:55:21.359992+00:00 localhost kernel: pcpu-alloc: s237568 r8192 d114688 u524288 alloc=1*2097152
2025-11-21T08:55:21.359992+00:00 localhost kernel: pcpu-alloc: [0] 0 1 2 - 
2025-11-21T08:55:21.359992+00:00 localhost kernel: kvm-guest: PV spinlocks enabled
2025-11-21T08:55:21.359993+00:00 localhost kernel: PV qspinlock hash table entries: 256 (order: 0, 4096 bytes, linear)
2025-11-21T08:55:21.359994+00:00 localhost kernel: Kernel command line: BOOT_IMAGE=/boot/vmlinuz-6.14.0-36-generic root=UUID=668c052b-22c0-4a87-ac4e-6023fce8b41e ro quiet splash
2025-11-21T08:55:21.359994+00:00 localhost kernel: Unknown kernel command line parameters "splash BOOT_IMAGE=/boot/vmlinuz-6.14.0-36-generic", will be passed to user space.
2025-11-21T08:55:21.359996+00:00 localhost kernel: random: crng init done
2025-11-21T08:55:21.359997+00:00 localhost kernel: printk: log buffer data + meta data: 262144 + 917504 = 1179648 bytes
2025-11-21T08:55:21.359997+00:00 localhost kernel: Dentry cache hash table entries: 524288 (order: 10, 4194304 bytes, linear)
2025-11-21T08:55:21.359998+00:00 localhost kernel: Inode-cache hash table entries: 262144 (order: 9, 2097152 bytes, linear)
2025-11-21T08:55:21.359998+00:00 localhost kernel: Fallback order for Node 0: 0 
2025-11-21T08:55:21.359999+00:00 localhost kernel: Built 1 zonelists, mobility grouping on.  Total pages: 1030286
2025-11-21T08:55:21.360000+00:00 localhost kernel: Policy zone: Normal
2025-11-21T08:55:21.360001+00:00 localhost kernel: mem auto-init: stack:all(zero), heap alloc:on, heap free:off
2025-11-21T08:55:21.360001+00:00 localhost kernel: software IO TLB: area num 4.
2025-11-21T08:55:21.360002+00:00 localhost kernel: SLUB: HWalign=64, Order=0-3, MinObjects=0, CPUs=3, Nodes=1
2025-11-21T08:55:21.360002+00:00 localhost kernel: ftrace: allocating 60485 entries in 237 pages
2025-11-21T08:55:21.360002+00:00 localhost kernel: ftrace: allocated 237 pages with 6 groups
2025-11-21T08:55:21.360004+00:00 localhost kernel: Dynamic Preempt: voluntary
2025-11-21T08:55:21.360005+00:00 localhost kernel: rcu: Preemptible hierarchical RCU implementation.
2025-11-21T08:55:21.360064+00:00 localhost kernel: rcu: 	RCU restricting CPUs from NR_CPUS=8192 to nr_cpu_ids=3.
2025-11-21T08:55:21.360065+00:00 localhost kernel: 	Trampoline variant of Tasks RCU enabled.
2025-11-21T08:55:21.360065+00:00 localhost kernel: 	Rude variant of Tasks RCU enabled.
2025-11-21T08:55:21.360065+00:00 localhost kernel: 	Tracing variant of Tasks RCU enabled.
2025-11-21T08:55:21.360066+00:00 localhost kernel: rcu: RCU calculated value of scheduler-enlistment delay is 100 jiffies.
2025-11-21T08:55:21.360068+00:00 localhost kernel: rcu: Adjusting geometry for rcu_fanout_leaf=16, nr_cpu_ids=3
2025-11-21T08:55:21.360069+00:00 localhost kernel: RCU Tasks: Setting shift to 2 and lim to 1 rcu_task_cb_adjust=1 rcu_task_cpu_ids=3.
2025-11-21T08:55:21.360069+00:00 localhost kernel: RCU Tasks Rude: Setting shift to 2 and lim to 1 rcu_task_cb_adjust=1 rcu_task_cpu_ids=3.
2025-11-21T08:55:21.360070+00:00 localhost kernel: RCU Tasks Trace: Setting shift to 2 and lim to 1 rcu_task_cb_adjust=1 rcu_task_cpu_ids=3.
2025-11-21T08:55:21.360070+00:00 localhost kernel: NR_IRQS: 524544, nr_irqs: 448, preallocated irqs: 16
2025-11-21T08:55:21.360070+00:00 localhost kernel: rcu: srcu_init: Setting srcu_struct sizes based on contention.
2025-11-21T08:55:21.360072+00:00 localhost kernel: Console: colour VGA+ 80x25
2025-11-21T08:55:21.360073+00:00 localhost kernel: printk: legacy console [tty0] enabled
2025-11-21T08:55:21.360073+00:00 localhost kernel: ACPI: Core revision 20240827
2025-11-21T08:55:21.360074+00:00 localhost kernel: APIC: Switch to symmetric I/O mode setup
2025-11-21T08:55:21.360074+00:00 localhost kernel: ..TIMER: vector=0x30 apic1=0 pin1=2 apic2=-1 pin2=-1
2025-11-21T08:55:21.360074+00:00 localhost kernel: clocksource: tsc-early: mask: 0xffffffffffffffff max_cycles: 0x22df1149949, max_idle_ns: 440795312789 ns
2025-11-21T08:55:21.360076+00:00 localhost kernel: Calibrating delay loop (skipped) preset value.. 4838.40 BogoMIPS (lpj=2419200)
2025-11-21T08:55:21.360077+00:00 localhost kernel: Last level iTLB entries: 4KB 0, 2MB 0, 4MB 0
2025-11-21T08:55:21.360077+00:00 localhost kernel: Last level dTLB entries: 4KB 0, 2MB 0, 4MB 0, 1GB 0
2025-11-21T08:55:21.360078+00:00 localhost kernel: Spectre V1 : Mitigation: usercopy/swapgs barriers and __user pointer sanitization
2025-11-21T08:55:21.360078+00:00 localhost kernel: Spectre V2 : Spectre BHI mitigation: SW BHB clearing on syscall and VM exit
2025-11-21T08:55:21.360079+00:00 localhost kernel: Spectre V2 : Mitigation: Enhanced / Automatic IBRS
2025-11-21T08:55:21.360079+00:00 localhost kernel: Spectre V2 : Spectre v2 / PBRSB-eIBRS: Retire a single CALL on VMEXIT
2025-11-21T08:55:21.360081+00:00 localhost kernel: RETBleed: Mitigation: Enhanced IBRS
2025-11-21T08:55:21.360081+00:00 localhost kernel: Speculative Store Bypass: Vulnerable
2025-11-21T08:55:21.360082+00:00 localhost kernel: ITS: Mitigation: Aligned branch/return thunks
2025-11-21T08:55:21.360082+00:00 localhost kernel: x86/fpu: Supporting XSAVE feature 0x001: 'x87 floating point registers'
2025-11-21T08:55:21.360083+00:00 localhost kernel: x86/fpu: Supporting XSAVE feature 0x002: 'SSE registers'
2025-11-21T08:55:21.360084+00:00 localhost kernel: x86/fpu: Supporting XSAVE feature 0x004: 'AVX registers'
2025-11-21T08:55:21.360085+00:00 localhost kernel: x86/fpu: xstate_offset[2]:  576, xstate_sizes[2]:  256
2025-11-21T08:55:21.360086+00:00 localhost kernel: x86/fpu: Enabled xstate features 0x7, context size is 832 bytes, using 'standard' format.
2025-11-21T08:55:21.360086+00:00 localhost kernel: Freeing SMP alternatives memory: 48K
2025-11-21T08:55:21.360087+00:00 localhost kernel: pid_max: default: 32768 minimum: 301
2025-11-21T08:55:21.360087+00:00 localhost kernel: LSM: initializing lsm=lockdown,capability,landlock,yama,apparmor,ima,evm
2025-11-21T08:55:21.360088+00:00 localhost kernel: landlock: Up and running.
2025-11-21T08:55:21.360089+00:00 localhost kernel: Yama: becoming mindful.
2025-11-21T08:55:21.360090+00:00 localhost kernel: AppArmor: AppArmor initialized
2025-11-21T08:55:21.360090+00:00 localhost kernel: Mount-cache hash table entries: 8192 (order: 4, 65536 bytes, linear)
2025-11-21T08:55:21.360091+00:00 localhost kernel: Mountpoint-cache hash table entries: 8192 (order: 4, 65536 bytes, linear)
2025-11-21T08:55:21.360091+00:00 localhost kernel: APIC calibration not consistent with PM-Timer: 97ms instead of 100ms
2025-11-21T08:55:21.360091+00:00 localhost kernel: APIC delta adjusted to PM-Timer: 6249999 (6093991)
2025-11-21T08:55:21.360092+00:00 localhost kernel: smpboot: CPU0: 11th Gen Intel(R) Core(TM) i5-1135G7 @ 2.40GHz (family: 0x6, model: 0x8c, stepping: 0x1)
2025-11-21T08:55:21.360094+00:00 localhost kernel: Performance Events: unsupported p6 CPU model 140 no PMU driver, software events only.
2025-11-21T08:55:21.360094+00:00 localhost kernel: signal: max sigframe size: 1776
2025-11-21T08:55:21.360095+00:00 localhost kernel: rcu: Hierarchical SRCU implementation.
2025-11-21T08:55:21.360095+00:00 localhost kernel: rcu: 	Max phase no-delay instances is 400.
2025-11-21T08:55:21.360095+00:00 localhost kernel: Timer migration: 1 hierarchy levels; 8 children per group; 1 crossnode level
2025-11-21T08:55:21.360096+00:00 localhost kernel: NMI watchdog: Perf NMI watchdog permanently disabled
2025-11-21T08:55:21.360098+00:00 localhost kernel: smp: Bringing up secondary CPUs ...
2025-11-21T08:55:21.360098+00:00 localhost kernel: smpboot: x86: Booting SMP configuration:
2025-11-21T08:55:21.360099+00:00 localhost kernel: .... node  #0, CPUs:      #1 #2
2025-11-21T08:55:21.360099+00:00 localhost kernel: smp: Brought up 1 node, 3 CPUs
2025-11-21T08:55:21.360099+00:00 localhost kernel: smpboot: Total of 3 processors activated (14515.20 BogoMIPS)
2025-11-21T08:55:21.360100+00:00 localhost kernel: Memory: 3850304K/4121144K available (21475K kernel code, 4587K rwdata, 15072K rodata, 5140K init, 4412K bss, 264264K reserved, 0K cma-reserved)
2025-11-21T08:55:21.360102+00:00 localhost kernel: devtmpfs: initialized
2025-11-21T08:55:21.360103+00:00 localhost kernel: x86/mm: Memory block size: 128MB
2025-11-21T08:55:21.360103+00:00 localhost kernel: clocksource: jiffies: mask: 0xffffffff max_cycles: 0xffffffff, max_idle_ns: 1911260446275000 ns
2025-11-21T08:55:21.360104+00:00 localhost kernel: futex hash table entries: 1024 (order: 4, 65536 bytes, linear)
2025-11-21T08:55:21.360104+00:00 localhost kernel: pinctrl core: initialized pinctrl subsystem
2025-11-21T08:55:21.360104+00:00 localhost kernel: PM: RTC time: 08:55:08, date: 2025-11-21
2025-11-21T08:55:21.360105+00:00 localhost kernel: NET: Registered PF_NETLINK/PF_ROUTE protocol family
2025-11-21T08:55:21.360106+00:00 localhost kernel: DMA: preallocated 512 KiB GFP_KERNEL pool for atomic allocations
2025-11-21T08:55:21.360107+00:00 localhost kernel: DMA: preallocated 512 KiB GFP_KERNEL|GFP_DMA pool for atomic allocations
2025-11-21T08:55:21.360108+00:00 localhost kernel: DMA: preallocated 512 KiB GFP_KERNEL|GFP_DMA32 pool for atomic allocations
2025-11-21T08:55:21.360108+00:00 localhost kernel: audit: initializing netlink subsys (disabled)
2025-11-21T08:55:21.360109+00:00 localhost kernel: audit: type=2000 audit(1763716165.213:1): state=initialized audit_enabled=0 res=1
2025-11-21T08:55:21.360109+00:00 localhost kernel: thermal_sys: Registered thermal governor 'fair_share'
2025-11-21T08:55:21.360111+00:00 localhost kernel: thermal_sys: Registered thermal governor 'bang_bang'
2025-11-21T08:55:21.360111+00:00 localhost kernel: thermal_sys: Registered thermal governor 'step_wise'
2025-11-21T08:55:21.360112+00:00 localhost kernel: thermal_sys: Registered thermal governor 'user_space'
2025-11-21T08:55:21.360112+00:00 localhost kernel: thermal_sys: Registered thermal governor 'power_allocator'
2025-11-21T08:55:21.360112+00:00 localhost kernel: cpuidle: using governor ladder
2025-11-21T08:55:21.360113+00:00 localhost kernel: cpuidle: using governor menu
2025-11-21T08:55:21.360115+00:00 localhost kernel: acpiphp: ACPI Hot Plug PCI Controller Driver version: 0.5
2025-11-21T08:55:21.360115+00:00 localhost kernel: PCI: Using configuration type 1 for base access
2025-11-21T08:55:21.360116+00:00 localhost kernel: mtrr: your CPUs had inconsistent variable MTRR settings
2025-11-21T08:55:21.360116+00:00 localhost kernel: mtrr: probably your BIOS does not setup all CPUs.
2025-11-21T08:55:21.360117+00:00 localhost kernel: mtrr: corrected configuration.
2025-11-21T08:55:21.360117+00:00 localhost kernel: kprobes: kprobe jump-optimization is enabled. All kprobes are optimized if possible.
2025-11-21T08:55:21.360118+00:00 localhost kernel: HugeTLB: registered 2.00 MiB page size, pre-allocated 0 pages
2025-11-21T08:55:21.360120+00:00 localhost kernel: HugeTLB: 28 KiB vmemmap can be freed for a 2.00 MiB page
2025-11-21T08:55:21.360120+00:00 localhost kernel: ACPI: Added _OSI(Module Device)
2025-11-21T08:55:21.360121+00:00 localhost kernel: ACPI: Added _OSI(Processor Device)
2025-11-21T08:55:21.360121+00:00 localhost kernel: ACPI: Added _OSI(Processor Aggregator Device)
2025-11-21T08:55:21.360122+00:00 localhost kernel: ACPI: 2 ACPI AML tables successfully acquired and loaded
2025-11-21T08:55:21.360122+00:00 localhost kernel: ACPI: Interpreter enabled
2025-11-21T08:55:21.360124+00:00 localhost kernel: ACPI: PM: (supports S0 S5)
2025-11-21T08:55:21.360125+00:00 localhost kernel: ACPI: Using IOAPIC for interrupt routing
2025-11-21T08:55:21.360125+00:00 localhost kernel: PCI: Using host bridge windows from ACPI; if necessary, use "pci=nocrs" and report a bug
2025-11-21T08:55:21.360126+00:00 localhost kernel: PCI: Using E820 reservations for host bridge windows
2025-11-21T08:55:21.360126+00:00 localhost kernel: ACPI: Enabled 2 GPEs in block 00 to 07
2025-11-21T08:55:21.360127+00:00 localhost kernel: ACPI: PCI Root Bridge [PCI0] (domain 0000 [bus 00-ff])
2025-11-21T08:55:21.360132+00:00 localhost kernel: acpi PNP0A03:00: _OSC: OS supports [ASPM ClockPM Segments MSI EDR HPX-Type3]
2025-11-21T08:55:21.360134+00:00 localhost kernel: acpi PNP0A03:00: _OSC: not requesting OS control; OS requires [ExtendedConfig ASPM ClockPM MSI]
2025-11-21T08:55:21.360135+00:00 localhost kernel: acpi PNP0A03:00: fail to add MMCONFIG information, can't access extended configuration space under this bridge
2025-11-21T08:55:21.360136+00:00 localhost kernel: PCI host bridge to bus 0000:00
2025-11-21T08:55:21.360136+00:00 localhost kernel: pci_bus 0000:00: root bus resource [io  0x0000-0x0cf7 window]
2025-11-21T08:55:21.360137+00:00 localhost kernel: pci_bus 0000:00: root bus resource [io  0x0d00-0xffff window]
2025-11-21T08:55:21.360137+00:00 localhost kernel: pci_bus 0000:00: root bus resource [mem 0x000a0000-0x000bffff window]
2025-11-21T08:55:21.360143+00:00 localhost kernel: pci_bus 0000:00: root bus resource [mem 0xe0000000-0xfdffffff window]
2025-11-21T08:55:21.360143+00:00 localhost kernel: pci_bus 0000:00: root bus resource [bus 00-ff]
2025-11-21T08:55:21.360144+00:00 localhost kernel: pci 0000:00:00.0: [8086:1237] type 00 class 0x060000 conventional PCI endpoint
2025-11-21T08:55:21.360144+00:00 localhost kernel: pci 0000:00:01.0: [8086:7000] type 00 class 0x060100 conventional PCI endpoint
2025-11-21T08:55:21.360145+00:00 localhost kernel: pci 0000:00:01.1: [8086:7111] type 00 class 0x01018a conventional PCI endpoint
2025-11-21T08:55:21.360145+00:00 localhost kernel: pci 0000:00:01.1: BAR 4 [io  0xd000-0xd00f]
2025-11-21T08:55:21.360148+00:00 localhost kernel: pci 0000:00:01.1: BAR 0 [io  0x01f0-0x01f7]: legacy IDE quirk
2025-11-21T08:55:21.360210+00:00 localhost kernel: pci 0000:00:01.1: BAR 1 [io  0x03f6]: legacy IDE quirk
2025-11-21T08:55:21.360211+00:00 localhost kernel: pci 0000:00:01.1: BAR 2 [io  0x0170-0x0177]: legacy IDE quirk
2025-11-21T08:55:21.360211+00:00 localhost kernel: pci 0000:00:01.1: BAR 3 [io  0x0376]: legacy IDE quirk
2025-11-21T08:55:21.360212+00:00 localhost kernel: pci 0000:00:02.0: [15ad:0405] type 00 class 0x030000 conventional PCI endpoint
2025-11-21T08:55:21.360212+00:00 localhost kernel: pci 0000:00:02.0: BAR 0 [io  0xd010-0xd01f]
2025-11-21T08:55:21.360214+00:00 localhost kernel: pci 0000:00:02.0: BAR 1 [mem 0xe0000000-0xe0ffffff pref]
2025-11-21T08:55:21.360217+00:00 localhost kernel: pci 0000:00:02.0: BAR 2 [mem 0xf0000000-0xf01fffff]
2025-11-21T08:55:21.360217+00:00 localhost kernel: pci 0000:00:02.0: Video device with shadowed ROM at [mem 0x000c0000-0x000dffff]
2025-11-21T08:55:21.360218+00:00 localhost kernel: pci 0000:00:03.0: [8086:100e] type 00 class 0x020000 conventional PCI endpoint
2025-11-21T08:55:21.360218+00:00 localhost kernel: pci 0000:00:03.0: BAR 0 [mem 0xf0200000-0xf021ffff]
2025-11-21T08:55:21.360218+00:00 localhost kernel: pci 0000:00:03.0: BAR 2 [io  0xd020-0xd027]
2025-11-21T08:55:21.360219+00:00 localhost kernel: pci 0000:00:04.0: [80ee:cafe] type 00 class 0x088000 conventional PCI endpoint
2025-11-21T08:55:21.360222+00:00 localhost kernel: pci 0000:00:04.0: BAR 0 [io  0xd040-0xd05f]
2025-11-21T08:55:21.360223+00:00 localhost kernel: pci 0000:00:04.0: BAR 1 [mem 0xf0400000-0xf07fffff]
2025-11-21T08:55:21.360223+00:00 localhost kernel: pci 0000:00:04.0: BAR 2 [mem 0xf0800000-0xf0803fff pref]
2025-11-21T08:55:21.360224+00:00 localhost kernel: pci 0000:00:05.0: [8086:2415] type 00 class 0x040100 conventional PCI endpoint
2025-11-21T08:55:21.360224+00:00 localhost kernel: pci 0000:00:05.0: BAR 0 [io  0xd100-0xd1ff]
2025-11-21T08:55:21.360225+00:00 localhost kernel: pci 0000:00:05.0: BAR 1 [io  0xd200-0xd23f]
2025-11-21T08:55:21.360228+00:00 localhost kernel: pci 0000:00:06.0: [106b:003f] type 00 class 0x0c0310 conventional PCI endpoint
2025-11-21T08:55:21.360228+00:00 localhost kernel: pci 0000:00:06.0: BAR 0 [mem 0xf0804000-0xf0804fff]
2025-11-21T08:55:21.360229+00:00 localhost kernel: pci 0000:00:07.0: [8086:7113] type 00 class 0x068000 conventional PCI endpoint
2025-11-21T08:55:21.360229+00:00 localhost kernel: pci 0000:00:07.0: quirk: [io  0x4000-0x403f] claimed by PIIX4 ACPI
2025-11-21T08:55:21.360230+00:00 localhost kernel: pci 0000:00:07.0: quirk: [io  0x4100-0x410f] claimed by PIIX4 SMB
2025-11-21T08:55:21.360230+00:00 localhost kernel: pci 0000:00:0b.0: [8086:265c] type 00 class 0x0c0320 conventional PCI endpoint
2025-11-21T08:55:21.360230+00:00 localhost kernel: pci 0000:00:0b.0: BAR 0 [mem 0xf0805000-0xf0805fff]
2025-11-21T08:55:21.360237+00:00 localhost kernel: pci 0000:00:0d.0: [8086:2829] type 00 class 0x010601 conventional PCI endpoint
2025-11-21T08:55:21.360238+00:00 localhost kernel: pci 0000:00:0d.0: BAR 0 [io  0xd240-0xd247]
2025-11-21T08:55:21.360238+00:00 localhost kernel: pci 0000:00:0d.0: BAR 1 [io  0xd248-0xd24b]
2025-11-21T08:55:21.360238+00:00 localhost kernel: pci 0000:00:0d.0: BAR 2 [io  0xd250-0xd257]
2025-11-21T08:55:21.360239+00:00 localhost kernel: pci 0000:00:0d.0: BAR 3 [io  0xd258-0xd25b]
2025-11-21T08:55:21.360239+00:00 localhost kernel: pci 0000:00:0d.0: BAR 4 [io  0xd260-0xd26f]
2025-11-21T08:55:21.360243+00:00 localhost kernel: pci 0000:00:0d.0: BAR 5 [mem 0xf0806000-0xf0807fff]
2025-11-21T08:55:21.360244+00:00 localhost kernel: ACPI: PCI: Interrupt link LNKA configured for IRQ 11
2025-11-21T08:55:21.360244+00:00 localhost kernel: ACPI: PCI: Interrupt link LNKB configured for IRQ 10
2025-11-21T08:55:21.360244+00:00 localhost kernel: ACPI: PCI: Interrupt link LNKC configured for IRQ 9
2025-11-21T08:55:21.360245+00:00 localhost kernel: ACPI: PCI: Interrupt link LNKD configured for IRQ 11
2025-11-21T08:55:21.360245+00:00 localhost kernel: iommu: Default domain type: Translated
2025-11-21T08:55:21.360247+00:00 localhost kernel: iommu: DMA domain TLB invalidation policy: lazy mode
2025-11-21T08:55:21.360249+00:00 localhost kernel: SCSI subsystem initialized
2025-11-21T08:55:21.360250+00:00 localhost kernel: libata version 3.00 loaded.
2025-11-21T08:55:21.360250+00:00 localhost kernel: ACPI: bus type USB registered
2025-11-21T08:55:21.360251+00:00 localhost kernel: usbcore: registered new interface driver usbfs
2025-11-21T08:55:21.360251+00:00 localhost kernel: usbcore: registered new interface driver hub
2025-11-21T08:55:21.360252+00:00 localhost kernel: usbcore: registered new device driver usb
2025-11-21T08:55:21.360255+00:00 localhost kernel: pps_core: LinuxPPS API ver. 1 registered
2025-11-21T08:55:21.360256+00:00 localhost kernel: pps_core: Software ver. 5.3.6 - Copyright 2005-2007 Rodolfo Giometti <giometti@linux.it>
2025-11-21T08:55:21.360256+00:00 localhost kernel: PTP clock support registered
2025-11-21T08:55:21.360256+00:00 localhost kernel: EDAC MC: Ver: 3.0.0
2025-11-21T08:55:21.360257+00:00 localhost kernel: NetLabel: Initializing
2025-11-21T08:55:21.360257+00:00 localhost kernel: NetLabel:  domain hash size = 128
2025-11-21T08:55:21.360261+00:00 localhost kernel: NetLabel:  protocols = UNLABELED CIPSOv4 CALIPSO
2025-11-21T08:55:21.360261+00:00 localhost kernel: NetLabel:  unlabeled traffic allowed by default
2025-11-21T08:55:21.360262+00:00 localhost kernel: mctp: management component transport protocol core
2025-11-21T08:55:21.360262+00:00 localhost kernel: NET: Registered PF_MCTP protocol family
2025-11-21T08:55:21.360263+00:00 localhost kernel: PCI: Using ACPI for IRQ routing
2025-11-21T08:55:21.360263+00:00 localhost kernel: PCI: pci_cache_line_size set to 64 bytes
2025-11-21T08:55:21.360263+00:00 localhost kernel: e820: reserve RAM buffer [mem 0x0009fc00-0x0009ffff]
2025-11-21T08:55:21.363565+00:00 localhost kernel: e820: reserve RAM buffer [mem 0xdfff0000-0xdfffffff]
2025-11-21T08:55:21.363577+00:00 localhost kernel: e820: reserve RAM buffer [mem 0x11b900000-0x11bffffff]
2025-11-21T08:55:21.363577+00:00 localhost kernel: pci 0000:00:02.0: vgaarb: setting as boot VGA device
2025-11-21T08:55:21.363578+00:00 localhost kernel: pci 0000:00:02.0: vgaarb: bridge control possible
2025-11-21T08:55:21.363579+00:00 localhost kernel: pci 0000:00:02.0: vgaarb: VGA device added: decodes=io+mem,owns=io+mem,locks=none
2025-11-21T08:55:21.363579+00:00 localhost kernel: vgaarb: loaded
2025-11-21T08:55:21.363591+00:00 localhost kernel: clocksource: Switched to clocksource kvm-clock
2025-11-21T08:55:21.363592+00:00 localhost kernel: VFS: Disk quotas dquot_6.6.0
2025-11-21T08:55:21.363592+00:00 localhost kernel: VFS: Dquot-cache hash table entries: 512 (order 0, 4096 bytes)
2025-11-21T08:55:21.363593+00:00 localhost kernel: AppArmor: AppArmor Filesystem Enabled
2025-11-21T08:55:21.363593+00:00 localhost kernel: pnp: PnP ACPI init
2025-11-21T08:55:21.363594+00:00 localhost kernel: pnp: PnP ACPI: found 2 devices
2025-11-21T08:55:21.363595+00:00 localhost kernel: clocksource: acpi_pm: mask: 0xffffff max_cycles: 0xffffff, max_idle_ns: 2085701024 ns
2025-11-21T08:55:21.363605+00:00 localhost kernel: NET: Registered PF_INET protocol family
2025-11-21T08:55:21.363605+00:00 localhost kernel: IP idents hash table entries: 65536 (order: 7, 524288 bytes, linear)
2025-11-21T08:55:21.363606+00:00 localhost kernel: tcp_listen_portaddr_hash hash table entries: 2048 (order: 3, 32768 bytes, linear)
2025-11-21T08:55:21.363606+00:00 localhost kernel: Table-perturb hash table entries: 65536 (order: 6, 262144 bytes, linear)
2025-11-21T08:55:21.363607+00:00 localhost kernel: TCP established hash table entries: 32768 (order: 6, 262144 bytes, linear)
2025-11-21T08:55:21.363607+00:00 localhost kernel: TCP bind hash table entries: 32768 (order: 8, 1048576 bytes, linear)
2025-11-21T08:55:21.363610+00:00 localhost kernel: TCP: Hash tables configured (established 32768 bind 32768)
2025-11-21T08:55:21.363611+00:00 localhost kernel: MPTCP token hash table entries: 4096 (order: 4, 98304 bytes, linear)
2025-11-21T08:55:21.363611+00:00 localhost kernel: UDP hash table entries: 2048 (order: 5, 131072 bytes, linear)
2025-11-21T08:55:21.363612+00:00 localhost kernel: UDP-Lite hash table entries: 2048 (order: 5, 131072 bytes, linear)
2025-11-21T08:55:21.363612+00:00 localhost kernel: NET: Registered PF_UNIX/PF_LOCAL protocol family
2025-11-21T08:55:21.363612+00:00 localhost kernel: NET: Registered PF_XDP protocol family
2025-11-21T08:55:21.363615+00:00 localhost kernel: pci_bus 0000:00: resource 4 [io  0x0000-0x0cf7 window]
2025-11-21T08:55:21.363616+00:00 localhost kernel: pci_bus 0000:00: resource 5 [io  0x0d00-0xffff window]
2025-11-21T08:55:21.363616+00:00 localhost kernel: pci_bus 0000:00: resource 6 [mem 0x000a0000-0x000bffff window]
2025-11-21T08:55:21.363617+00:00 localhost kernel: pci_bus 0000:00: resource 7 [mem 0xe0000000-0xfdffffff window]
2025-11-21T08:55:21.363617+00:00 localhost kernel: pci 0000:00:00.0: Limiting direct PCI/PCI transfers
2025-11-21T08:55:21.363618+00:00 localhost kernel: PCI: CLS 0 bytes, default 64
2025-11-21T08:55:21.363618+00:00 localhost kernel: Trying to unpack rootfs image as initramfs...
2025-11-21T08:55:21.363621+00:00 localhost kernel: PCI-DMA: Using software bounce buffering for IO (SWIOTLB)
2025-11-21T08:55:21.363622+00:00 localhost kernel: software IO TLB: mapped [mem 0x00000000dbff0000-0x00000000dfff0000] (64MB)
2025-11-21T08:55:21.363622+00:00 localhost kernel: clocksource: tsc: mask: 0xffffffffffffffff max_cycles: 0x22df1149949, max_idle_ns: 440795312789 ns
2025-11-21T08:55:21.363623+00:00 localhost kernel: clocksource: Switched to clocksource tsc
2025-11-21T08:55:21.363623+00:00 localhost kernel: platform rtc_cmos: registered platform RTC device (no PNP device found)
2025-11-21T08:55:21.363623+00:00 localhost kernel: Initialise system trusted keyrings
2025-11-21T08:55:21.363627+00:00 localhost kernel: Key type blacklist registered
2025-11-21T08:55:21.363628+00:00 localhost kernel: workingset: timestamp_bits=36 max_order=20 bucket_order=0
2025-11-21T08:55:21.363628+00:00 localhost kernel: zbud: loaded
2025-11-21T08:55:21.363629+00:00 localhost kernel: squashfs: version 4.0 (2009/01/31) Phillip Lougher
2025-11-21T08:55:21.363629+00:00 localhost kernel: fuse: init (API version 7.42)
2025-11-21T08:55:21.363630+00:00 localhost kernel: integrity: Platform Keyring initialized
2025-11-21T08:55:21.363632+00:00 localhost kernel: integrity: Machine keyring initialized
2025-11-21T08:55:21.363634+00:00 localhost kernel: Key type asymmetric registered
2025-11-21T08:55:21.363635+00:00 localhost kernel: Asymmetric key parser 'x509' registered
2025-11-21T08:55:21.363635+00:00 localhost kernel: Block layer SCSI generic (bsg) driver version 0.4 loaded (major 243)
2025-11-21T08:55:21.363636+00:00 localhost kernel: io scheduler mq-deadline registered
2025-11-21T08:55:21.363636+00:00 localhost kernel: ledtrig-cpu: registered to indicate activity on CPUs
2025-11-21T08:55:21.363637+00:00 localhost kernel: shpchp: Standard Hot Plug PCI Controller Driver version: 0.4
2025-11-21T08:55:21.363640+00:00 localhost kernel: ACPI: AC: AC Adapter [AC] (on-line)
2025-11-21T08:55:21.363641+00:00 localhost kernel: input: Power Button as /devices/LNXSYSTM:00/LNXPWRBN:00/input/input0
2025-11-21T08:55:21.363641+00:00 localhost kernel: ACPI: button: Power Button [PWRF]
2025-11-21T08:55:21.363641+00:00 localhost kernel: input: Sleep Button as /devices/LNXSYSTM:00/LNXSLPBN:00/input/input1
2025-11-21T08:55:21.363642+00:00 localhost kernel: ACPI: button: Sleep Button [SLPF]
2025-11-21T08:55:21.363642+00:00 localhost kernel: Serial: 8250/16550 driver, 32 ports, IRQ sharing enabled
2025-11-21T08:55:21.363646+00:00 localhost kernel: ACPI: battery: Slot [BAT0] (battery present)
2025-11-21T08:55:21.363646+00:00 localhost kernel: Linux agpgart interface v0.103
2025-11-21T08:55:21.363716+00:00 localhost kernel: loop: module loaded
2025-11-21T08:55:21.363717+00:00 localhost kernel: ata_piix 0000:00:01.1: version 2.13
2025-11-21T08:55:21.363718+00:00 localhost kernel: scsi host0: ata_piix
2025-11-21T08:55:21.363718+00:00 localhost kernel: scsi host1: ata_piix
2025-11-21T08:55:21.363719+00:00 localhost kernel: ata1: PATA max UDMA/33 cmd 0x1f0 ctl 0x3f6 bmdma 0xd000 irq 14 lpm-pol 0
2025-11-21T08:55:21.363724+00:00 localhost kernel: ata2: PATA max UDMA/33 cmd 0x170 ctl 0x376 bmdma 0xd008 irq 15 lpm-pol 0
2025-11-21T08:55:21.363725+00:00 localhost kernel: ACPI: bus type drm_connector registered
2025-11-21T08:55:21.363725+00:00 localhost kernel: tun: Universal TUN/TAP device driver, 1.6
2025-11-21T08:55:21.363725+00:00 localhost kernel: PPP generic driver version 2.4.2
2025-11-21T08:55:21.363726+00:00 localhost kernel: ohci-pci 0000:00:06.0: OHCI PCI host controller
2025-11-21T08:55:21.363726+00:00 localhost kernel: ohci-pci 0000:00:06.0: new USB bus registered, assigned bus number 1
2025-11-21T08:55:21.363729+00:00 localhost kernel: ohci-pci 0000:00:06.0: irq 22, io mem 0xf0804000
2025-11-21T08:55:21.363730+00:00 localhost kernel: usb usb1: New USB device found, idVendor=1d6b, idProduct=0001, bcdDevice= 6.14
2025-11-21T08:55:21.363730+00:00 localhost kernel: usb usb1: New USB device strings: Mfr=3, Product=2, SerialNumber=1
2025-11-21T08:55:21.363731+00:00 localhost kernel: usb usb1: Product: OHCI PCI host controller
2025-11-21T08:55:21.363731+00:00 localhost kernel: usb usb1: Manufacturer: Linux 6.14.0-36-generic ohci_hcd
2025-11-21T08:55:21.363732+00:00 localhost kernel: usb usb1: SerialNumber: 0000:00:06.0
2025-11-21T08:55:21.363734+00:00 localhost kernel: hub 1-0:1.0: USB hub found
2025-11-21T08:55:21.363736+00:00 localhost kernel: hub 1-0:1.0: 12 ports detected
2025-11-21T08:55:21.363736+00:00 localhost kernel: ehci-pci 0000:00:0b.0: EHCI Host Controller
2025-11-21T08:55:21.363737+00:00 localhost kernel: ehci-pci 0000:00:0b.0: new USB bus registered, assigned bus number 2
2025-11-21T08:55:21.363738+00:00 localhost kernel: i8042: PNP: PS/2 Controller [PNP0303:PS2K,PNP0f03:PS2M] at 0x60,0x64 irq 1,12
2025-11-21T08:55:21.363738+00:00 localhost kernel: ehci-pci 0000:00:0b.0: irq 19, io mem 0xf0805000
2025-11-21T08:55:21.363739+00:00 localhost kernel: serio: i8042 KBD port at 0x60,0x64 irq 1
2025-11-21T08:55:21.363742+00:00 localhost kernel: serio: i8042 AUX port at 0x60,0x64 irq 12
2025-11-21T08:55:21.363742+00:00 localhost kernel: mousedev: PS/2 mouse device common for all mice
2025-11-21T08:55:21.363743+00:00 localhost kernel: rtc_cmos rtc_cmos: registered as rtc0
2025-11-21T08:55:21.363743+00:00 localhost kernel: rtc_cmos rtc_cmos: setting system clock to 2025-11-21T08:55:08 UTC (1763715308)
2025-11-21T08:55:21.363744+00:00 localhost kernel: rtc_cmos rtc_cmos: alarms up to one day, 114 bytes nvram
2025-11-21T08:55:21.363744+00:00 localhost kernel: i2c_dev: i2c /dev entries driver
2025-11-21T08:55:21.363748+00:00 localhost kernel: device-mapper: core: CONFIG_IMA_DISABLE_HTABLE is disabled. Duplicate IMA measurements will not be recorded in the IMA log.
2025-11-21T08:55:21.363748+00:00 localhost kernel: device-mapper: uevent: version 1.0.3
2025-11-21T08:55:21.363749+00:00 localhost kernel: device-mapper: ioctl: 4.49.0-ioctl (2025-01-17) initialised: dm-devel@lists.linux.dev
2025-11-21T08:55:21.363749+00:00 localhost kernel: intel_pstate: CPU model not supported
2025-11-21T08:55:21.363749+00:00 localhost kernel: input: AT Translated Set 2 keyboard as /devices/platform/i8042/serio0/input/input2
2025-11-21T08:55:21.363750+00:00 localhost kernel: drop_monitor: Initializing network drop monitor service
2025-11-21T08:55:21.363753+00:00 localhost kernel: ehci-pci 0000:00:0b.0: USB 2.0 started, EHCI 1.00
2025-11-21T08:55:21.363754+00:00 localhost kernel: usb usb2: New USB device found, idVendor=1d6b, idProduct=0002, bcdDevice= 6.14
2025-11-21T08:55:21.363754+00:00 localhost kernel: usb usb2: New USB device strings: Mfr=3, Product=2, SerialNumber=1
2025-11-21T08:55:21.363754+00:00 localhost kernel: usb usb2: Product: EHCI Host Controller
2025-11-21T08:55:21.363755+00:00 localhost kernel: usb usb2: Manufacturer: Linux 6.14.0-36-generic ehci_hcd
2025-11-21T08:55:21.363755+00:00 localhost kernel: usb usb2: SerialNumber: 0000:00:0b.0
2025-11-21T08:55:21.363755+00:00 localhost kernel: NET: Registered PF_INET6 protocol family
2025-11-21T08:55:21.363759+00:00 localhost kernel: hub 2-0:1.0: USB hub found
2025-11-21T08:55:21.363760+00:00 localhost kernel: hub 2-0:1.0: 12 ports detected
2025-11-21T08:55:21.363760+00:00 localhost kernel: Freeing initrd memory: 71064K
2025-11-21T08:55:21.363761+00:00 localhost kernel: Segment Routing with IPv6
2025-11-21T08:55:21.363761+00:00 localhost kernel: In-situ OAM (IOAM) with IPv6
2025-11-21T08:55:21.363761+00:00 localhost kernel: NET: Registered PF_PACKET protocol family
2025-11-21T08:55:21.363764+00:00 localhost kernel: Key type dns_resolver registered
2025-11-21T08:55:21.363765+00:00 localhost kernel: IPI shorthand broadcast: enabled
2025-11-21T08:55:21.363765+00:00 localhost kernel: ata1.00: ATAPI: VBOX CD-ROM, 1.0, max UDMA/133
2025-11-21T08:55:21.363765+00:00 localhost kernel: sched_clock: Marking stable (800188197, 51870560)->(960405143, -108346386)
2025-11-21T08:55:21.363766+00:00 localhost kernel: registered taskstats version 1
2025-11-21T08:55:21.363766+00:00 localhost kernel: scsi 0:0:0:0: CD-ROM            VBOX     CD-ROM           1.0  PQ: 0 ANSI: 5
2025-11-21T08:55:21.363766+00:00 localhost kernel: Loading compiled-in X.509 certificates
2025-11-21T08:55:21.363770+00:00 localhost kernel: Loaded X.509 cert 'Build time autogenerated kernel key: 8b36fd28f65dfd2d1aa9217f7ad04c787ba44f35'
2025-11-21T08:55:21.363770+00:00 localhost kernel: Loaded X.509 cert 'Canonical Ltd. Live Patch Signing 2025 Kmod: d541cef61dc7e793b7eb7e899970a2eef0b5dc8c'
2025-11-21T08:55:21.363771+00:00 localhost kernel: Loaded X.509 cert 'Canonical Ltd. Live Patch Signing: 14df34d1a87cf37625abec039ef2bf521249b969'
2025-11-21T08:55:21.363771+00:00 localhost kernel: Loaded X.509 cert 'Canonical Ltd. Kernel Module Signing: 88f752e560a1e0737e31163a466ad7b70a850c19'
2025-11-21T08:55:21.363771+00:00 localhost kernel: blacklist: Loading compiled-in revocation X.509 certificates
2025-11-21T08:55:21.363772+00:00 localhost kernel: Loaded X.509 cert 'Canonical Ltd. Secure Boot Signing: 61482aa2830d0ab2ad5af10b7250da9033ddcef0'
2025-11-21T08:55:21.363775+00:00 localhost kernel: Loaded X.509 cert 'Canonical Ltd. Secure Boot Signing (2017): 242ade75ac4a15e50d50c84b0d45ff3eae707a03'
2025-11-21T08:55:21.363775+00:00 localhost kernel: Loaded X.509 cert 'Canonical Ltd. Secure Boot Signing (ESM 2018): 365188c1d374d6b07c3c8f240f8ef722433d6a8b'
2025-11-21T08:55:21.363776+00:00 localhost kernel: Loaded X.509 cert 'Canonical Ltd. Secure Boot Signing (2019): c0746fd6c5da3ae827864651ad66ae47fe24b3e8'
2025-11-21T08:55:21.363776+00:00 localhost kernel: Loaded X.509 cert 'Canonical Ltd. Secure Boot Signing (2021 v1): a8d54bbb3825cfb94fa13c9f8a594a195c107b8d'
2025-11-21T08:55:21.363777+00:00 localhost kernel: Loaded X.509 cert 'Canonical Ltd. Secure Boot Signing (2021 v2): 4cf046892d6fd3c9a5b03f98d845f90851dc6a8c'
2025-11-21T08:55:21.363780+00:00 localhost kernel: Loaded X.509 cert 'Canonical Ltd. Secure Boot Signing (2021 v3): 100437bb6de6e469b581e61cd66bce3ef4ed53af'
2025-11-21T08:55:21.363780+00:00 localhost kernel: Loaded X.509 cert 'Canonical Ltd. Secure Boot Signing (Ubuntu Core 2019): c1d57b8f6b743f23ee41f4f7ee292f06eecadfb9'
2025-11-21T08:55:21.363781+00:00 localhost kernel: sr 0:0:0:0: [sr0] scsi3-mmc drive: 32x/32x xa/form2 tray
2025-11-21T08:55:21.363781+00:00 localhost kernel: cdrom: Uniform CD-ROM driver Revision: 3.20
2025-11-21T08:55:21.363782+00:00 localhost kernel: Demotion targets for Node 0: null
2025-11-21T08:55:21.363782+00:00 localhost kernel: Key type .fscrypt registered
2025-11-21T08:55:21.363785+00:00 localhost kernel: Key type fscrypt-provisioning registered
2025-11-21T08:55:21.363785+00:00 localhost kernel: sr 0:0:0:0: Attached scsi CD-ROM sr0
2025-11-21T08:55:21.363786+00:00 localhost kernel: sr 0:0:0:0: Attached scsi generic sg0 type 5
2025-11-21T08:55:21.363786+00:00 localhost kernel: Key type encrypted registered
2025-11-21T08:55:21.363786+00:00 localhost kernel: AppArmor: AppArmor sha256 policy hashing enabled
2025-11-21T08:55:21.363787+00:00 localhost kernel: ima: No TPM chip found, activating TPM-bypass!
2025-11-21T08:55:21.363787+00:00 localhost kernel: Loading compiled-in module X.509 certificates
2025-11-21T08:55:21.363790+00:00 localhost kernel: Loaded X.509 cert 'Build time autogenerated kernel key: 8b36fd28f65dfd2d1aa9217f7ad04c787ba44f35'
2025-11-21T08:55:21.363791+00:00 localhost kernel: ima: Allocated hash algorithm: sha256
2025-11-21T08:55:21.363791+00:00 localhost kernel: ima: No architecture policies found
2025-11-21T08:55:21.363792+00:00 localhost kernel: evm: Initialising EVM extended attributes:
2025-11-21T08:55:21.363792+00:00 localhost kernel: evm: security.selinux
2025-11-21T08:55:21.363793+00:00 localhost kernel: evm: security.SMACK64
2025-11-21T08:55:21.363796+00:00 localhost kernel: evm: security.SMACK64EXEC
2025-11-21T08:55:21.363797+00:00 localhost kernel: evm: security.SMACK64TRANSMUTE
2025-11-21T08:55:21.363797+00:00 localhost kernel: evm: security.SMACK64MMAP
2025-11-21T08:55:21.363798+00:00 localhost kernel: evm: security.apparmor
2025-11-21T08:55:21.363798+00:00 localhost kernel: evm: security.ima
2025-11-21T08:55:21.363799+00:00 localhost kernel: evm: security.capability
2025-11-21T08:55:21.363802+00:00 localhost kernel: evm: HMAC attrs: 0x1
2025-11-21T08:55:21.363802+00:00 localhost kernel: PM:   Magic number: 1:348:928
2025-11-21T08:55:21.363803+00:00 localhost kernel: RAS: Correctable Errors collector initialized.
2025-11-21T08:55:21.363803+00:00 localhost kernel: clk: Disabling unused clocks
2025-11-21T08:55:21.363804+00:00 localhost kernel: PM: genpd: Disabling unused power domains
2025-11-21T08:55:21.363804+00:00 localhost kernel: Freeing unused decrypted memory: 2028K
2025-11-21T08:55:21.363805+00:00 localhost kernel: Freeing unused kernel image (initmem) memory: 5140K
2025-11-21T08:55:21.363808+00:00 localhost kernel: Write protecting the kernel read-only data: 38912k
2025-11-21T08:55:21.363808+00:00 localhost kernel: Freeing unused kernel image (text/rodata gap) memory: 1052K
2025-11-21T08:55:21.363809+00:00 localhost kernel: Freeing unused kernel image (rodata/data gap) memory: 1312K
2025-11-21T08:55:21.363809+00:00 localhost kernel: x86/mm: Checked W+X mappings: passed, no W+X pages found.
2025-11-21T08:55:21.363810+00:00 localhost kernel: Run /init as init process
2025-11-21T08:55:21.363810+00:00 localhost kernel:   with arguments:
2025-11-21T08:55:21.363814+00:00 localhost kernel:     /init
2025-11-21T08:55:21.363814+00:00 localhost kernel:     splash
2025-11-21T08:55:21.363815+00:00 localhost kernel:   with environment:
2025-11-21T08:55:21.363815+00:00 localhost kernel:     HOME=/
2025-11-21T08:55:21.363816+00:00 localhost kernel:     TERM=linux
2025-11-21T08:55:21.363817+00:00 localhost kernel:     BOOT_IMAGE=/boot/vmlinuz-6.14.0-36-generic
2025-11-21T08:55:21.363817+00:00 localhost kernel: usb 1-1: new full-speed USB device number 2 using ohci-pci
2025-11-21T08:55:21.363820+00:00 localhost kernel: ACPI: video: Video Device [GFX0] (multi-head: yes  rom: no  post: no)
2025-11-21T08:55:21.363821+00:00 localhost kernel: input: Video Bus as /devices/LNXSYSTM:00/LNXSYBUS:00/PNP0A03:00/LNXVIDEO:00/input/input4
2025-11-21T08:55:21.363822+00:00 localhost kernel: e1000: Intel(R) PRO/1000 Network Driver
2025-11-21T08:55:21.363822+00:00 localhost kernel: e1000: Copyright (c) 1999-2006 Intel Corporation.
2025-11-21T08:55:21.363823+00:00 localhost kernel: ahci 0000:00:0d.0: version 3.0
2025-11-21T08:55:21.363871+00:00 localhost kernel: ahci 0000:00:0d.0: SSS flag set, parallel bus scan disabled
2025-11-21T08:55:21.363877+00:00 localhost kernel: ahci 0000:00:0d.0: AHCI vers 0001.0100, 32 command slots, 3 Gbps, SATA mode
2025-11-21T08:55:21.363878+00:00 localhost kernel: ahci 0000:00:0d.0: 1/1 ports implemented (port mask 0x1)
2025-11-21T08:55:21.363878+00:00 localhost kernel: ahci 0000:00:0d.0: flags: 64bit ncq stag only ccc 
2025-11-21T08:55:21.363878+00:00 localhost kernel: input: ImExPS/2 Generic Explorer Mouse as /devices/platform/i8042/serio1/input/input5
2025-11-21T08:55:21.363879+00:00 localhost kernel: scsi host2: ahci
2025-11-21T08:55:21.363879+00:00 localhost kernel: ata3: SATA max UDMA/133 abar m8192@0xf0806000 port 0xf0806100 irq 21 lpm-pol 0
2025-11-21T08:55:21.363883+00:00 localhost kernel: usb 1-1: New USB device found, idVendor=80ee, idProduct=0021, bcdDevice= 1.00
2025-11-21T08:55:21.363883+00:00 localhost kernel: usb 1-1: New USB device strings: Mfr=1, Product=3, SerialNumber=0
2025-11-21T08:55:21.363884+00:00 localhost kernel: usb 1-1: Product: USB Tablet
2025-11-21T08:55:21.363884+00:00 localhost kernel: usb 1-1: Manufacturer: VirtualBox
2025-11-21T08:55:21.363885+00:00 localhost kernel: hid: raw HID events driver (C) Jiri Kosina
2025-11-21T08:55:21.363885+00:00 localhost kernel: ata3: SATA link up 3.0 Gbps (SStatus 123 SControl 300)
2025-11-21T08:55:21.363886+00:00 localhost kernel: ata3.00: ATA-6: VBOX HARDDISK, 1.0, max UDMA/133
2025-11-21T08:55:21.363889+00:00 localhost kernel: ata3.00: 52428800 sectors, multi 128: LBA48 NCQ (depth 32)
2025-11-21T08:55:21.363889+00:00 localhost kernel: ata3.00: configured for UDMA/133
2025-11-21T08:55:21.363890+00:00 localhost kernel: scsi 2:0:0:0: Direct-Access     ATA      VBOX HARDDISK    1.0  PQ: 0 ANSI: 5
2025-11-21T08:55:21.363890+00:00 localhost kernel: sd 2:0:0:0: [sda] 52428800 512-byte logical blocks: (26.8 GB/25.0 GiB)
2025-11-21T08:55:21.363891+00:00 localhost kernel: sd 2:0:0:0: [sda] Write Protect is off
2025-11-21T08:55:21.363891+00:00 localhost kernel: sd 2:0:0:0: [sda] Mode Sense: 00 3a 00 00
2025-11-21T08:55:21.363894+00:00 localhost kernel: sd 2:0:0:0: [sda] Write cache: enabled, read cache: enabled, doesn't support DPO or FUA
2025-11-21T08:55:21.363895+00:00 localhost kernel: sd 2:0:0:0: [sda] Preferred minimum I/O size 512 bytes
2025-11-21T08:55:21.363895+00:00 localhost kernel: sd 2:0:0:0: Attached scsi generic sg1 type 0
2025-11-21T08:55:21.363896+00:00 localhost kernel:  sda: sda1 sda2
2025-11-21T08:55:21.363896+00:00 localhost kernel: sd 2:0:0:0: [sda] Attached SCSI disk
2025-11-21T08:55:21.363897+00:00 localhost kernel: usbcore: registered new interface driver usbhid
2025-11-21T08:55:21.363897+00:00 localhost kernel: usbhid: USB HID core driver
2025-11-21T08:55:21.363900+00:00 localhost kernel: input: VirtualBox USB Tablet as /devices/pci0000:00/0000:00:06.0/usb1/1-1/1-1:1.0/0003:80EE:0021.0001/input/input6
2025-11-21T08:55:21.363901+00:00 localhost kernel: hid-generic 0003:80EE:0021.0001: input,hidraw0: USB HID v1.10 Mouse [VirtualBox USB Tablet] on usb-0000:00:06.0-1/input0
2025-11-21T08:55:21.363902+00:00 localhost kernel: e1000 0000:00:03.0 eth0: (PCI:33MHz:32-bit) 08:00:27:9f:93:3c
2025-11-21T08:55:21.363902+00:00 localhost kernel: e1000 0000:00:03.0 eth0: Intel(R) PRO/1000 Network Connection
2025-11-21T08:55:21.363903+00:00 localhost kernel: e1000 0000:00:03.0 enp0s3: renamed from eth0
2025-11-21T08:55:21.363903+00:00 localhost kernel: EXT4-fs (sda2): mounted filesystem 668c052b-22c0-4a87-ac4e-6023fce8b41e ro with ordered data mode. Quota mode: none.
2025-11-21T08:55:21.363911+00:00 localhost kernel: systemd[1]: Inserted module 'autofs4'
2025-11-21T08:55:21.363912+00:00 localhost kernel: systemd[1]: systemd 255.4-1ubuntu8.10 running in system mode (+PAM +AUDIT +SELINUX +APPARMOR +IMA +SMACK +SECCOMP +GCRYPT -GNUTLS +OPENSSL +ACL +BLKID +CURL +ELFUTILS +FIDO2 +IDN2 -IDN +IPTC +KMOD +LIBCRYPTSETUP +LIBFDISK +PCRE2 -PWQUALITY +P11KIT +QRENCODE +TPM2 +BZIP2 +LZ4 +XZ +ZLIB +ZSTD -BPF_FRAMEWORK -XKBCOMMON +UTMP +SYSVINIT default-hierarchy=unified)
2025-11-21T08:55:21.363912+00:00 localhost kernel: systemd[1]: Detected virtualization oracle.
2025-11-21T08:55:21.363913+00:00 localhost kernel: systemd[1]: Detected architecture x86-64.
2025-11-21T08:55:21.363913+00:00 localhost kernel: systemd[1]: Hostname set to <localhost.localdomain>.
2025-11-21T08:55:21.363918+00:00 localhost kernel: systemd[1]: Queued start job for default target graphical.target.
2025-11-21T08:55:21.363918+00:00 localhost kernel: systemd[1]: Created slice system-modprobe.slice - Slice /system/modprobe.
2025-11-21T08:55:21.363919+00:00 localhost kernel: systemd[1]: Created slice user.slice - User and Session Slice.
2025-11-21T08:55:21.363919+00:00 localhost kernel: systemd[1]: Started systemd-ask-password-wall.path - Forward Password Requests to Wall Directory Watch.
2025-11-21T08:55:21.363920+00:00 localhost kernel: systemd[1]: Set up automount proc-sys-fs-binfmt_misc.automount - Arbitrary Executable File Formats File System Automount Point.
2025-11-21T08:55:21.363921+00:00 localhost kernel: systemd[1]: Reached target integritysetup.target - Local Integrity Protected Volumes.
2025-11-21T08:55:21.363924+00:00 localhost kernel: systemd[1]: Reached target remote-fs.target - Remote File Systems.
2025-11-21T08:55:21.363925+00:00 localhost kernel: systemd[1]: Reached target slices.target - Slice Units.
2025-11-21T08:55:21.363925+00:00 localhost kernel: systemd[1]: Reached target snapd.mounts-pre.target - Mounting snaps.
2025-11-21T08:55:21.363925+00:00 localhost kernel: systemd[1]: Reached target swap.target - Swaps.
2025-11-21T08:55:21.363926+00:00 localhost kernel: systemd[1]: Reached target veritysetup.target - Local Verity Protected Volumes.
2025-11-21T08:55:21.363926+00:00 localhost kernel: systemd[1]: Listening on syslog.socket - Syslog Socket.
2025-11-21T08:55:21.363927+00:00 localhost kernel: systemd[1]: Listening on systemd-fsckd.socket - fsck to fsckd communication Socket.
2025-11-21T08:55:21.363930+00:00 localhost kernel: systemd[1]: Listening on systemd-initctl.socket - initctl Compatibility Named Pipe.
2025-11-21T08:55:21.363931+00:00 localhost kernel: systemd[1]: Listening on systemd-journald-dev-log.socket - Journal Socket (/dev/log).
2025-11-21T08:55:21.363931+00:00 localhost kernel: systemd[1]: Listening on systemd-journald.socket - Journal Socket.
2025-11-21T08:55:21.363932+00:00 localhost kernel: systemd[1]: Listening on systemd-oomd.socket - Userspace Out-Of-Memory (OOM) Killer Socket.
2025-11-21T08:55:21.363932+00:00 localhost kernel: systemd[1]: systemd-pcrextend.socket - TPM2 PCR Extension (Varlink) was skipped because of an unmet condition check (ConditionSecurity=measured-uki).
2025-11-21T08:55:21.363933+00:00 localhost kernel: systemd[1]: Listening on systemd-udevd-control.socket - udev Control Socket.
2025-11-21T08:55:21.363936+00:00 localhost kernel: systemd[1]: Listening on systemd-udevd-kernel.socket - udev Kernel Socket.
2025-11-21T08:55:21.363937+00:00 localhost kernel: systemd[1]: Mounting dev-hugepages.mount - Huge Pages File System...
2025-11-21T08:55:21.363937+00:00 localhost kernel: systemd[1]: Mounting dev-mqueue.mount - POSIX Message Queue File System...
2025-11-21T08:55:21.363938+00:00 localhost kernel: systemd[1]: Mounting sys-kernel-debug.mount - Kernel Debug File System...
2025-11-21T08:55:21.363938+00:00 localhost kernel: systemd[1]: Mounting sys-kernel-tracing.mount - Kernel Trace File System...
2025-11-21T08:55:21.363939+00:00 localhost kernel: systemd[1]: Starting systemd-journald.service - Journal Service...
2025-11-21T08:55:21.363942+00:00 localhost kernel: systemd[1]: Starting keyboard-setup.service - Set the console keyboard layout...
2025-11-21T08:55:21.363942+00:00 localhost kernel: systemd[1]: Starting kmod-static-nodes.service - Create List of Static Device Nodes...
2025-11-21T08:55:21.363943+00:00 localhost kernel: systemd[1]: Starting modprobe@configfs.service - Load Kernel Module configfs...
2025-11-21T08:55:21.363943+00:00 localhost kernel: systemd[1]: Starting modprobe@dm_mod.service - Load Kernel Module dm_mod...
2025-11-21T08:55:21.363943+00:00 localhost kernel: systemd[1]: Starting modprobe@drm.service - Load Kernel Module drm...
2025-11-21T08:55:21.363944+00:00 localhost kernel: systemd[1]: Starting modprobe@efi_pstore.service - Load Kernel Module efi_pstore...
2025-11-21T08:55:21.363944+00:00 localhost kernel: systemd[1]: Starting modprobe@fuse.service - Load Kernel Module fuse...
2025-11-21T08:55:21.363947+00:00 localhost kernel: systemd[1]: Starting modprobe@loop.service - Load Kernel Module loop...
2025-11-21T08:55:21.363948+00:00 localhost kernel: systemd[1]: systemd-fsck-root.service - File System Check on Root Device was skipped because of an unmet condition check (ConditionPathExists=!/run/initramfs/fsck-root).
2025-11-21T08:55:21.363948+00:00 localhost kernel: systemd-journald[269]: Collecting audit messages is disabled.
2025-11-21T08:55:21.363949+00:00 localhost kernel: systemd[1]: Starting systemd-modules-load.service - Load Kernel Modules...
2025-11-21T08:55:21.363949+00:00 localhost kernel: systemd[1]: systemd-pcrmachine.service - TPM2 PCR Machine ID Measurement was skipped because of an unmet condition check (ConditionSecurity=measured-uki).
2025-11-21T08:55:21.363952+00:00 localhost kernel: systemd[1]: Starting systemd-remount-fs.service - Remount Root and Kernel File Systems...
2025-11-21T08:55:21.363953+00:00 localhost kernel: systemd[1]: systemd-tpm2-setup-early.service - TPM2 SRK Setup (Early) was skipped because of an unmet condition check (ConditionSecurity=measured-uki).
2025-11-21T08:55:21.363953+00:00 localhost kernel: systemd[1]: Starting systemd-udev-trigger.service - Coldplug All udev Devices...
2025-11-21T08:55:21.363953+00:00 localhost kernel: systemd[1]: Started systemd-journald.service - Journal Service.
2025-11-21T08:55:21.363954+00:00 localhost kernel: EXT4-fs (sda2): re-mounted 668c052b-22c0-4a87-ac4e-6023fce8b41e r/w.
2025-11-21T08:55:21.363954+00:00 localhost kernel: lp: driver loaded but no devices found
2025-11-21T08:55:21.363955+00:00 localhost kernel: ppdev: user-space parallel port driver
2025-11-21T08:55:21.363958+00:00 localhost kernel: systemd-journald[269]: Received client request to flush runtime journal.
2025-11-21T08:55:21.363958+00:00 localhost kernel: loop0: detected capacity change from 0 to 8
2025-11-21T08:55:21.363958+00:00 localhost kernel: loop1: detected capacity change from 0 to 151376
2025-11-21T08:55:21.363959+00:00 localhost kernel: loop2: detected capacity change from 0 to 1056784
2025-11-21T08:55:21.363959+00:00 localhost kernel: loop3: detected capacity change from 0 to 22800
2025-11-21T08:55:21.363960+00:00 localhost kernel: loop4: detected capacity change from 0 to 502024
2025-11-21T08:55:21.363963+00:00 localhost kernel: loop5: detected capacity change from 0 to 187776
2025-11-21T08:55:21.364000+00:00 localhost kernel: loop6: detected capacity change from 0 to 100952
2025-11-21T08:55:21.364001+00:00 localhost kernel: loop7: detected capacity change from 0 to 22176
2025-11-21T08:55:21.364001+00:00 localhost kernel: loop8: detected capacity change from 0 to 1152
2025-11-21T08:55:21.364002+00:00 localhost kernel: audit: type=1400 audit(1763715312.612:2): apparmor="STATUS" operation="profile_load" profile="unconfined" name=4D6F6E676F444220436F6D70617373 pid=378 comm="apparmor_parser"
2025-11-21T08:55:21.364002+00:00 localhost kernel: audit: type=1400 audit(1763715312.613:3): apparmor="STATUS" operation="profile_load" profile="unconfined" name="1password" pid=376 comm="apparmor_parser"
2025-11-21T08:55:21.364006+00:00 localhost kernel: audit: type=1400 audit(1763715312.613:4): apparmor="STATUS" operation="profile_load" profile="unconfined" name="Discord" pid=377 comm="apparmor_parser"
2025-11-21T08:55:21.364006+00:00 localhost kernel: audit: type=1400 audit(1763715312.621:5): apparmor="STATUS" operation="profile_load" profile="unconfined" name="QtWebEngineProcess" pid=389 comm="apparmor_parser"
2025-11-21T08:55:21.364007+00:00 localhost kernel: audit: type=1400 audit(1763715312.626:6): apparmor="STATUS" operation="profile_load" profile="unconfined" name="balena-etcher" pid=390 comm="apparmor_parser"
